Archive member included to satisfy reference by file (symbol)

app/libapp.a(main.c.obj)      (--whole-archive)
zephyr/libzephyr.a(cbprintf_packaged.c.obj)
                              (--whole-archive)
zephyr/libzephyr.a(dec.c.obj)
                              (--whole-archive)
zephyr/libzephyr.a(fdtable.c.obj)
                              (--whole-archive)
zephyr/libzephyr.a(hex.c.obj)
                              (--whole-archive)
zephyr/libzephyr.a(printk.c.obj)
                              (--whole-archive)
zephyr/libzephyr.a(rb.c.obj)  (--whole-archive)
zephyr/libzephyr.a(sem.c.obj)
                              (--whole-archive)
zephyr/libzephyr.a(thread_entry.c.obj)
                              (--whole-archive)
zephyr/libzephyr.a(timeutil.c.obj)
                              (--whole-archive)
zephyr/libzephyr.a(heap.c.obj)
                              (--whole-archive)
zephyr/libzephyr.a(heap-validate.c.obj)
                              (--whole-archive)
zephyr/libzephyr.a(bitarray.c.obj)
                              (--whole-archive)
zephyr/libzephyr.a(multi_heap.c.obj)
                              (--whole-archive)
zephyr/libzephyr.a(crc32c_sw.c.obj)
                              (--whole-archive)
zephyr/libzephyr.a(crc32_sw.c.obj)
                              (--whole-archive)
zephyr/libzephyr.a(crc16_sw.c.obj)
                              (--whole-archive)
zephyr/libzephyr.a(crc8_sw.c.obj)
                              (--whole-archive)
zephyr/libzephyr.a(crc7_sw.c.obj)
                              (--whole-archive)
zephyr/libzephyr.a(cbprintf_complete.c.obj)
                              (--whole-archive)
zephyr/libzephyr.a(cbprintf.c.obj)
                              (--whole-archive)
zephyr/libzephyr.a(assert.c.obj)
                              (--whole-archive)
zephyr/libzephyr.a(configs.c.obj)
                              (--whole-archive)
zephyr/libzephyr.a(soc.c.obj)
                              (--whole-archive)
zephyr/libzephyr.a(stm32cube_hal.c.obj)
                              (--whole-archive)
zephyr/libzephyr.a(soc_config.c.obj)
                              (--whole-archive)
zephyr/libzephyr.a(tracing_none.c.obj)
                              (--whole-archive)
zephyr/libzephyr.a(hts221_reg.c.obj)
                              (--whole-archive)
zephyr/libzephyr.a(lis2mdl_reg.c.obj)
                              (--whole-archive)
zephyr/arch/common/libarch__common.a(sw_isr_common.c.obj)
                              (--whole-archive)
zephyr/arch/arch/arm/core/aarch32/libarch__arm__core__aarch32.a(cpu_idle.S.obj)
                              (--whole-archive)
zephyr/arch/arch/arm/core/aarch32/libarch__arm__core__aarch32.a(fatal.c.obj)
                              (--whole-archive)
zephyr/arch/arch/arm/core/aarch32/libarch__arm__core__aarch32.a(irq_manage.c.obj)
                              (--whole-archive)
zephyr/arch/arch/arm/core/aarch32/libarch__arm__core__aarch32.a(nmi.c.obj)
                              (--whole-archive)
zephyr/arch/arch/arm/core/aarch32/libarch__arm__core__aarch32.a(nmi_on_reset.S.obj)
                              (--whole-archive)
zephyr/arch/arch/arm/core/aarch32/libarch__arm__core__aarch32.a(prep_c.c.obj)
                              (--whole-archive)
zephyr/arch/arch/arm/core/aarch32/libarch__arm__core__aarch32.a(swap.c.obj)
                              (--whole-archive)
zephyr/arch/arch/arm/core/aarch32/libarch__arm__core__aarch32.a(swap_helper.S.obj)
                              (--whole-archive)
zephyr/arch/arch/arm/core/aarch32/libarch__arm__core__aarch32.a(thread.c.obj)
                              (--whole-archive)
zephyr/arch/arch/arm/core/aarch32/libarch__arm__core__aarch32.a(isr_wrapper.S.obj)
                              (--whole-archive)
zephyr/arch/arch/arm/core/aarch32/cortex_m/libarch__arm__core__aarch32__cortex_m.a(exc_exit.S.obj)
                              (--whole-archive)
zephyr/arch/arch/arm/core/aarch32/cortex_m/libarch__arm__core__aarch32__cortex_m.a(fault.c.obj)
                              (--whole-archive)
zephyr/arch/arch/arm/core/aarch32/cortex_m/libarch__arm__core__aarch32__cortex_m.a(fault_s.S.obj)
                              (--whole-archive)
zephyr/arch/arch/arm/core/aarch32/cortex_m/libarch__arm__core__aarch32__cortex_m.a(fpu.c.obj)
                              (--whole-archive)
zephyr/arch/arch/arm/core/aarch32/cortex_m/libarch__arm__core__aarch32__cortex_m.a(irq_init.c.obj)
                              (--whole-archive)
zephyr/arch/arch/arm/core/aarch32/cortex_m/libarch__arm__core__aarch32__cortex_m.a(reset.S.obj)
                              (--whole-archive)
zephyr/arch/arch/arm/core/aarch32/cortex_m/libarch__arm__core__aarch32__cortex_m.a(scb.c.obj)
                              (--whole-archive)
zephyr/arch/arch/arm/core/aarch32/cortex_m/libarch__arm__core__aarch32__cortex_m.a(thread_abort.c.obj)
                              (--whole-archive)
[...]
Memory Configuration

Name             Origin             Length             Attributes
FLASH            0x0000000008000000 0x0000000000080000 xr
RAM              0x0000000020000000 0x0000000000018000 xw
IDT_LIST         0x00000000fffff7ff 0x0000000000000800 xw
*default*        0x0000000000000000 0xffffffffffffffff

Linker script and memory map

LOAD zephyr/CMakeFiles/zephyr_final.dir/misc/empty_file.c.obj
LOAD zephyr/CMakeFiles/zephyr_final.dir/dev_handles.c.obj
LOAD zephyr/CMakeFiles/zephyr_final.dir/isr_tables.c.obj
LOAD zephyr/CMakeFiles/offsets.dir/./arch/arm/core/offsets/offsets.c.obj
                0x0000000000000020                _region_min_align = 0x20

.rel.plt        0x0000000008000000        0x0
 *(SORT_BY_ALIGNMENT(.rel.plt))
                [!provide]                        PROVIDE (__rel_iplt_start = .)
 *(SORT_BY_ALIGNMENT(.rel.iplt))
 .rel.iplt      0x0000000008000000        0x0 zephyr/CMakeFiles/zephyr_final.dir/isr_tables.c.obj
                [!provide]                        PROVIDE (__rel_iplt_end = .)

.rela.plt       0x0000000000000000        0x0
 *(SORT_BY_ALIGNMENT(.rela.plt))
                [!provide]                        PROVIDE (__rela_iplt_start = .)
 *(SORT_BY_ALIGNMENT(.rela.iplt))
                [!provide]                        PROVIDE (__rela_iplt_end = .)

.rel.dyn
 *(SORT_BY_ALIGNMENT(.rel.*))

.rela.dyn
 *(SORT_BY_ALIGNMENT(.rela.*))

/DISCARD/
 *(SORT_BY_ALIGNMENT(.plt))

/DISCARD/
 *(SORT_BY_ALIGNMENT(.iplt))
                0x0000000008000000                __rom_region_start = 0x8000000

rom_start       0x0000000008000000      0x194
                0x0000000008000000                . = (. + 0x0)
                0x0000000008000000                . = ALIGN (0x4)
                0x0000000008000000                . = ALIGN (0x80)
                0x0000000008000000                . = ALIGN (0x200)
                0x0000000008000000                _vector_start = .
 *(SORT_BY_ALIGNMENT(.exc_vector_table))
 *(SORT_BY_ALIGNMENT(.exc_vector_table.*))
 .exc_vector_table._vector_table_section
                0x0000000008000000       0x40 zephyr/arch/arch/arm/core/aarch32/cortex_m/libarch__arm__core__aarch32__cortex_m.a(vector_table.S.obj)
                0x0000000008000000                _vector_table
 *(SORT_BY_ALIGNMENT(.vectors))
                0x0000000008000194                _vector_end = .
                0x0000000008000040                . = ALIGN (0x4)
 *(SORT_BY_ALIGNMENT(.gnu.linkonce.irq_vector_table*))
 .gnu.linkonce.irq_vector_table
                0x0000000008000040      0x154 zephyr/CMakeFiles/zephyr_final.dir/isr_tables.c.obj
                0x0000000008000040                _irq_vector_table
                0x0000000008000194                _vector_end = .

text            0x0000000008000198     0x627c
                0x0000000008000198                __text_region_start = .
 *(SORT_BY_ALIGNMENT(.text))
 .text          0x0000000008000198      0x378 /home/teodora/zephyr-sdk-0.15.2/arm-zephyr-eabi/bin/../lib/gcc/arm-zephyr-eabi/12.1.0/thumb/v7e-m/nofp/libgcc.a(_arm_addsubdf3.o)
                0x0000000008000198                __aeabi_drsub
                0x00000000080001a0                __aeabi_dsub
                0x00000000080001a0                __subdf3
                0x00000000080001a4                __adddf3
                0x00000000080001a4                __aeabi_dadd
                0x000000000800041c                __aeabi_ui2d
                0x000000000800041c                __floatunsidf
                0x000000000800043c                __floatsidf
                0x000000000800043c                __aeabi_i2d
                0x0000000008000460                __extendsfdf2
                0x0000000008000460                __aeabi_f2d
                0x00000000080004a4                __aeabi_ul2d
                0x00000000080004a4                __floatundidf
                0x00000000080004b4                __floatdidf
                0x00000000080004b4                __aeabi_l2d
 .text          0x0000000008000510      0x424 /home/teodora/zephyr-sdk-0.15.2/arm-zephyr-eabi/bin/../lib/gcc/arm-zephyr-eabi/12.1.0/thumb/v7e-m/nofp/libgcc.a(_arm_muldivdf3.o)
                0x0000000008000510                __aeabi_dmul
                0x0000000008000510                __muldf3
                0x0000000008000764                __aeabi_ddiv
                0x0000000008000764                __divdf3
 .text          0x0000000008000934       0x50 /home/teodora/zephyr-sdk-0.15.2/arm-zephyr-eabi/bin/../lib/gcc/arm-zephyr-eabi/12.1.0/thumb/v7e-m/nofp/libgcc.a(_arm_fixdfsi.o)
                0x0000000008000934                __fixdfsi
                0x0000000008000934                __aeabi_d2iz
 .text          0x0000000008000984       0xa0 /home/teodora/zephyr-sdk-0.15.2/arm-zephyr-eabi/bin/../lib/gcc/arm-zephyr-eabi/12.1.0/thumb/v7e-m/nofp/libgcc.a(_arm_truncdfsf2.o)
                0x0000000008000984                __aeabi_d2f
                0x0000000008000984                __truncdfsf2
 .text          0x0000000008000a24       0xa0 /home/teodora/zephyr-sdk-0.15.2/arm-zephyr-eabi/bin/../lib/gcc/arm-zephyr-eabi/12.1.0/thumb/v7e-m/nofp/libgcc.a(_aeabi_ldivmod.o)
                0x0000000008000a24                __aeabi_ldivmod
 .text          0x0000000008000ac4       0x30 /home/teodora/zephyr-sdk-0.15.2/arm-zephyr-eabi/bin/../lib/gcc/arm-zephyr-eabi/12.1.0/thumb/v7e-m/nofp/libgcc.a(_aeabi_uldivmod.o)
                0x0000000008000ac4                __aeabi_uldivmod
 .text          0x0000000008000af4        0x4 /home/teodora/zephyr-sdk-0.15.2/arm-zephyr-eabi/bin/../lib/gcc/arm-zephyr-eabi/12.1.0/thumb/v7e-m/nofp/libgcc.a(_dvmd_tls.o)
                0x0000000008000af4                __aeabi_ldiv0
                0x0000000008000af4                __aeabi_idiv0
 .text          0x0000000008000af8      0x2a0 /home/teodora/zephyr-sdk-0.15.2/arm-zephyr-eabi/bin/../lib/gcc/arm-zephyr-eabi/12.1.0/thumb/v7e-m/nofp/libgcc.a(_udivmoddi4.o)
                0x0000000008000af8                __udivmoddi4
 *(SORT_BY_ALIGNMENT(.text.*))
 .text.sensor_value_to_double
                0x0000000008000d98       0x38 app/libapp.a(main.c.obj)
 .text.lis2dh_attr_set
                0x0000000008000dd0      0x108 zephyr/drivers/sensor/lis2dh/libdrivers__sensor__lis2dh.a(lis2dh.c.obj)
 .text.lsm6dsl_accel_convert
                0x0000000008000ed8       0x6c zephyr/drivers/sensor/lsm6dsl/libdrivers__sensor__lsm6dsl.a(lsm6dsl.c.obj)
 *fill*         0x0000000008000f44        0x4 
 .text.lsm6dsl_gyro_convert.constprop.0
                0x0000000008000f48       0x60 zephyr/drivers/sensor/lsm6dsl/libdrivers__sensor__lsm6dsl.a(lsm6dsl.c.obj)
 .text.lsm6dsl_attr_set
                0x0000000008000fa8      0x1b0 zephyr/drivers/sensor/lsm6dsl/libdrivers__sensor__lsm6dsl.a(lsm6dsl.c.obj)
 .text.lsm6dsl_trigger_handler
                0x0000000008001158       0x18 app/libapp.a(main.c.obj)
 .text.main     0x0000000008001170      0x2c4 app/libapp.a(main.c.obj)
                0x0000000008001170                main
 .text.char_out
                0x0000000008001434        0xc zephyr/libzephyr.a(printk.c.obj)
 .text.__printk_hook_install
                0x0000000008001440        0xc zephyr/libzephyr.a(printk.c.obj)
                0x0000000008001440                __printk_hook_install
 .text.vprintk  0x000000000800144c       0x1c zephyr/libzephyr.a(printk.c.obj)
                0x000000000800144c                vprintk
 .text.z_cbvprintf_impl
                0x0000000008001468      0xcd8 zephyr/libzephyr.a(cbprintf_complete.c.obj)
                0x0000000008001468                z_cbvprintf_impl
 .text.st_stm32f4_init
                0x0000000008002140       0x40 zephyr/libzephyr.a(soc.c.obj)
 .text.z_arm_cpu_idle_init
                0x0000000008002180        0xc zephyr/arch/arch/arm/core/aarch32/libarch__arm__core__aarch32.a(cpu_idle.S.obj)
                0x0000000008002180                z_arm_cpu_idle_init
 .text.arch_cpu_idle
                0x000000000800218c       0x1c zephyr/arch/arch/arm/core/aarch32/libarch__arm__core__aarch32.a(cpu_idle.S.obj)
                0x000000000800218c                arch_cpu_idle
 .text.arch_irq_enable
                0x00000000080021a8       0x1c zephyr/arch/arch/arm/core/aarch32/libarch__arm__core__aarch32.a(irq_manage.c.obj)
                0x00000000080021a8                arch_irq_enable
 .text.z_arm_irq_priority_set
                0x00000000080021c4       0x30 zephyr/arch/arch/arm/core/aarch32/libarch__arm__core__aarch32.a(irq_manage.c.obj)
                0x00000000080021c4                z_arm_irq_priority_set
 .text.z_SysNmiOnReset
                0x00000000080021f4        0x8 zephyr/arch/arch/arm/core/aarch32/libarch__arm__core__aarch32.a(nmi_on_reset.S.obj)
                0x00000000080021f4                z_SysNmiOnReset
 .text.z_arm_prep_c
                0x00000000080021fc       0x48 zephyr/arch/arch/arm/core/aarch32/libarch__arm__core__aarch32.a(prep_c.c.obj)
                0x00000000080021fc                z_arm_prep_c
 .text.arch_swap
                0x0000000008002244       0x34 zephyr/arch/arch/arm/core/aarch32/libarch__arm__core__aarch32.a(swap.c.obj)
                0x0000000008002244                arch_swap
 .text.z_arm_pendsv
                0x0000000008002278       0x54 zephyr/arch/arch/arm/core/aarch32/libarch__arm__core__aarch32.a(swap_helper.S.obj)
                0x0000000008002278                z_arm_pendsv
 .text.z_arm_svc
                0x00000000080022cc       0x20 zephyr/arch/arch/arm/core/aarch32/libarch__arm__core__aarch32.a(swap_helper.S.obj)
                0x00000000080022cc                z_arm_svc
 .text.arch_new_thread
                0x00000000080022ec       0x38 zephyr/arch/arch/arm/core/aarch32/libarch__arm__core__aarch32.a(thread.c.obj)
                0x00000000080022ec                arch_new_thread
 .text.z_check_thread_stack_fail
                0x0000000008002324       0x2c zephyr/arch/arch/arm/core/aarch32/libarch__arm__core__aarch32.a(thread.c.obj)
                0x0000000008002324                z_check_thread_stack_fail
 .text.arch_switch_to_main_thread
                0x0000000008002350       0x2c zephyr/arch/arch/arm/core/aarch32/libarch__arm__core__aarch32.a(thread.c.obj)
                0x0000000008002350                arch_switch_to_main_thread
 .text._isr_wrapper
                0x000000000800237c       0x28 zephyr/arch/arch/arm/core/aarch32/libarch__arm__core__aarch32.a(isr_wrapper.S.obj)
                0x000000000800237c                _isr_wrapper
 .text._HandlerModeExit
                0x00000000080023a4       0x1c zephyr/arch/arch/arm/core/aarch32/cortex_m/libarch__arm__core__aarch32__cortex_m.a(exc_exit.S.obj)
                0x00000000080023a4                z_arm_exc_exit
                0x00000000080023a4                z_arm_int_exit
 .text.mem_manage_fault
                0x00000000080023c0       0xa0 zephyr/arch/arch/arm/core/aarch32/cortex_m/libarch__arm__core__aarch32__cortex_m.a(fault.c.obj)
 .text.usage_fault.constprop.0
                0x0000000008002460       0x54 zephyr/arch/arch/arm/core/aarch32/cortex_m/libarch__arm__core__aarch32__cortex_m.a(fault.c.obj)
 .text.bus_fault.constprop.0
                0x00000000080024b4       0x6c zephyr/arch/arch/arm/core/aarch32/cortex_m/libarch__arm__core__aarch32__cortex_m.a(fault.c.obj)
 .text.z_arm_fault
                0x0000000008002520      0x11c zephyr/arch/arch/arm/core/aarch32/cortex_m/libarch__arm__core__aarch32__cortex_m.a(fault.c.obj)
                0x0000000008002520                z_arm_fault
 .text.z_arm_fault_init
                0x000000000800263c       0x10 zephyr/arch/arch/arm/core/aarch32/cortex_m/libarch__arm__core__aarch32__cortex_m.a(fault.c.obj)
                0x000000000800263c                z_arm_fault_init
 .text.__fault  0x000000000800264c       0x14 zephyr/arch/arch/arm/core/aarch32/cortex_m/libarch__arm__core__aarch32__cortex_m.a(fault_s.S.obj)
                0x000000000800264c                z_arm_bus_fault
                0x000000000800264c                z_arm_usage_fault
                0x000000000800264c                z_arm_mpu_fault
                0x000000000800264c                z_arm_exc_spurious
                0x000000000800264c                z_arm_debug_monitor
                0x000000000800264c                z_arm_hard_fault
 .text.z_arm_interrupt_init
                0x0000000008002660       0x18 zephyr/arch/arch/arm/core/aarch32/cortex_m/libarch__arm__core__aarch32__cortex_m.a(irq_init.c.obj)
                0x0000000008002660                z_arm_interrupt_init
 .text._reset_section
                0x0000000008002678       0x2c zephyr/arch/arch/arm/core/aarch32/cortex_m/libarch__arm__core__aarch32__cortex_m.a(reset.S.obj)
                0x0000000008002678                z_arm_reset
                0x0000000008002678                __start
 .text.z_impl_k_thread_abort
                0x00000000080026a4       0x2c zephyr/arch/arch/arm/core/aarch32/cortex_m/libarch__arm__core__aarch32__cortex_m.a(thread_abort.c.obj)
                0x00000000080026a4                z_impl_k_thread_abort
 .text.z_arm_configure_static_mpu_regions
                0x00000000080026d0       0x18 zephyr/arch/arch/arm/core/aarch32/mpu/libarch__arm__core__aarch32__mpu.a(arm_core_mpu.c.obj)
                0x00000000080026d0                z_arm_configure_static_mpu_regions
 .text.z_arm_configure_dynamic_mpu_regions
                0x00000000080026e8       0x20 zephyr/arch/arch/arm/core/aarch32/mpu/libarch__arm__core__aarch32__mpu.a(arm_core_mpu.c.obj)
                0x00000000080026e8                z_arm_configure_dynamic_mpu_regions
 .text.mpu_configure_regions
                0x0000000008002708       0x88 zephyr/arch/arch/arm/core/aarch32/mpu/libarch__arm__core__aarch32__mpu.a(arm_mpu.c.obj)
 .text.arm_core_mpu_enable
                0x0000000008002790       0x18 zephyr/arch/arch/arm/core/aarch32/mpu/libarch__arm__core__aarch32__mpu.a(arm_mpu.c.obj)
                0x0000000008002790                arm_core_mpu_enable
 .text.arm_core_mpu_disable
                0x00000000080027a8       0x14 zephyr/arch/arch/arm/core/aarch32/mpu/libarch__arm__core__aarch32__mpu.a(arm_mpu.c.obj)
                0x00000000080027a8                arm_core_mpu_disable
 .text.arm_core_mpu_configure_static_mpu_regions
                0x00000000080027bc       0x14 zephyr/arch/arch/arm/core/aarch32/mpu/libarch__arm__core__aarch32__mpu.a(arm_mpu.c.obj)
                0x00000000080027bc                arm_core_mpu_configure_static_mpu_regions
 .text.arm_core_mpu_configure_dynamic_mpu_regions
                0x00000000080027d0       0x30 zephyr/arch/arch/arm/core/aarch32/mpu/libarch__arm__core__aarch32__mpu.a(arm_mpu.c.obj)
                0x00000000080027d0                arm_core_mpu_configure_dynamic_mpu_regions
 .text.z_arm_mpu_init
                0x0000000008002800       0x60 zephyr/arch/arch/arm/core/aarch32/mpu/libarch__arm__core__aarch32__mpu.a(arm_mpu.c.obj)
                0x0000000008002800                z_arm_mpu_init
 .text.__stdout_hook_install
                0x0000000008002860        0xc zephyr/lib/libc/minimal/liblib__libc__minimal.a(stdout_console.c.obj)
                0x0000000008002860                __stdout_hook_install
 .text.z_impl_zephyr_fputc
                0x000000000800286c       0x18 zephyr/lib/libc/minimal/liblib__libc__minimal.a(stdout_console.c.obj)
                0x000000000800286c                z_impl_zephyr_fputc
 .text.printf   0x0000000008002884       0x28 zephyr/lib/libc/minimal/liblib__libc__minimal.a(fprintf.c.obj)
                0x0000000008002884                printf
 .text.stm32_exti_isr
                0x00000000080028ac       0x48 zephyr/drivers/interrupt_controller/libdrivers__interrupt_controller.a(intc_exti_stm32.c.obj)
 .text.stm32_fill_irq_table
                0x00000000080028f4       0x18 zephyr/drivers/interrupt_controller/libdrivers__interrupt_controller.a(intc_exti_stm32.c.obj)
 .text.stm32_exti_enable
                0x000000000800290c       0x24 zephyr/drivers/interrupt_controller/libdrivers__interrupt_controller.a(intc_exti_stm32.c.obj)
                0x000000000800290c                stm32_exti_enable
 .text.stm32_exti_disable
                0x0000000008002930       0x18 zephyr/drivers/interrupt_controller/libdrivers__interrupt_controller.a(intc_exti_stm32.c.obj)
                0x0000000008002930                stm32_exti_disable
 .text.stm32_exti_trigger
                0x0000000008002948       0x60 zephyr/drivers/interrupt_controller/libdrivers__interrupt_controller.a(intc_exti_stm32.c.obj)
                0x0000000008002948                stm32_exti_trigger
 .text.stm32_exti_set_callback
                0x00000000080029a8       0x24 zephyr/drivers/interrupt_controller/libdrivers__interrupt_controller.a(intc_exti_stm32.c.obj)
                0x00000000080029a8                stm32_exti_set_callback
 .text.stm32_exti_unset_callback
                0x00000000080029cc       0x14 zephyr/drivers/interrupt_controller/libdrivers__interrupt_controller.a(intc_exti_stm32.c.obj)
                0x00000000080029cc                stm32_exti_unset_callback
 .text.stm32_clock_control_get_subsys_rate
                0x00000000080029e0       0x98 zephyr/drivers/clock_control/libdrivers__clock_control.a(clock_stm32_ll_common.c.obj)
 .text.stm32_clock_control_init
                0x0000000008002a78      0x118 zephyr/drivers/clock_control/libdrivers__clock_control.a(clock_stm32_ll_common.c.obj)
                0x0000000008002a78                stm32_clock_control_init
 .text.get_pllsrc_frequency
                0x0000000008002b90        0x8 zephyr/drivers/clock_control/libdrivers__clock_control.a(clock_stm32f2_f4_f7.c.obj)
                0x0000000008002b90                get_pllsrc_frequency
 .text.config_pll_sysclock
                0x0000000008002b98       0x28 zephyr/drivers/clock_control/libdrivers__clock_control.a(clock_stm32f2_f4_f7.c.obj)
                0x0000000008002b98                config_pll_sysclock
 .text.config_enable_default_clocks
                0x0000000008002bc0       0x20 zephyr/drivers/clock_control/libdrivers__clock_control.a(clock_stm32f2_f4_f7.c.obj)
                0x0000000008002bc0                config_enable_default_clocks
 .text.uart_console_init
                0x0000000008002be0       0x28 zephyr/drivers/console/libdrivers__console.a(uart_console.c.obj)
 .text.console_out
                0x0000000008002c08       0x28 zephyr/drivers/console/libdrivers__console.a(uart_console.c.obj)
 .text.gpio_stm32_init
                0x0000000008002c30       0x30 zephyr/drivers/gpio/libdrivers__gpio.a(gpio_stm32.c.obj)
 .text.gpio_stm32_pin_interrupt_configure
                0x0000000008002c60      0x104 zephyr/drivers/gpio/libdrivers__gpio.a(gpio_stm32.c.obj)
 .text.stm32_i2c_configure_timing
                0x0000000008002d64       0xa8 zephyr/drivers/i2c/libdrivers__i2c.a(i2c_ll_stm32_v1.c.obj)
                0x0000000008002d64                stm32_i2c_configure_timing
 .text.i2c_stm32_runtime_configure
                0x0000000008002e0c       0x64 zephyr/drivers/i2c/libdrivers__i2c.a(i2c_ll_stm32.c.obj)
                0x0000000008002e0c                i2c_stm32_runtime_configure
 .text.i2c_stm32_init
                0x0000000008002e70       0xc8 zephyr/drivers/i2c/libdrivers__i2c.a(i2c_ll_stm32.c.obj)
 .text.pinctrl_configure_pins
                0x0000000008002f38       0x84 zephyr/drivers/pinctrl/libdrivers__pinctrl.a(pinctrl_stm32.c.obj)
                0x0000000008002f38                pinctrl_configure_pins
 .text.hts221_channel_get
                0x0000000008002fbc       0x90 zephyr/drivers/sensor/hts221/libdrivers__sensor__hts221.a(hts221.c.obj)
 .text.hts221_init
                0x000000000800304c       0xe8 zephyr/drivers/sensor/hts221/libdrivers__sensor__hts221.a(hts221.c.obj)
                0x000000000800304c                hts221_init
 .text.lis2dh_channel_get
                0x0000000008003134       0x54 zephyr/drivers/sensor/lis2dh/libdrivers__sensor__lis2dh.a(lis2dh.c.obj)
 .text.lis2dh_init
                0x0000000008003188       0xb8 zephyr/drivers/sensor/lis2dh/libdrivers__sensor__lis2dh.a(lis2dh.c.obj)
                0x0000000008003188                lis2dh_init
 .text.lis2dh_i2c_init
                0x0000000008003240       0x20 zephyr/drivers/sensor/lis2dh/libdrivers__sensor__lis2dh.a(lis2dh_i2c.c.obj)
                0x0000000008003240                lis2dh_i2c_init
 .text.lis2mdl_channel_get
                0x0000000008003260       0x8c zephyr/drivers/sensor/lis2mdl/libdrivers__sensor__lis2mdl.a(lis2mdl.c.obj)
 .text.lps22hb_channel_get
                0x00000000080032ec       0x54 zephyr/drivers/sensor/lps22hb/libdrivers__sensor__lps22hb.a(lps22hb.c.obj)
 .text.lsm6dsl_accel_set_odr_raw
                0x0000000008003340       0x38 zephyr/drivers/sensor/lsm6dsl/libdrivers__sensor__lsm6dsl.a(lsm6dsl.c.obj)
 .text.lsm6dsl_init
                0x0000000008003378       0xe8 zephyr/drivers/sensor/lsm6dsl/libdrivers__sensor__lsm6dsl.a(lsm6dsl.c.obj)
 .text.lsm6dsl_i2c_init
                0x0000000008003460       0x20 zephyr/drivers/sensor/lsm6dsl/libdrivers__sensor__lsm6dsl.a(lsm6dsl_i2c.c.obj)
                0x0000000008003460                lsm6dsl_i2c_init
 .text.lsm6dsl_init_interrupt
                0x0000000008003480       0xd8 zephyr/drivers/sensor/lsm6dsl/libdrivers__sensor__lsm6dsl.a(lsm6dsl_trigger.c.obj)
                0x0000000008003480                lsm6dsl_init_interrupt
 .text.uart_stm32_init
                0x0000000008003558       0xf4 zephyr/drivers/serial/libdrivers__serial.a(uart_stm32.c.obj)
 .text.uart_stm32_configure
                0x000000000800364c      0x15c zephyr/drivers/serial/libdrivers__serial.a(uart_stm32.c.obj)
 .text.elapsed  0x00000000080037a8       0x3c zephyr/drivers/timer/libdrivers__timer.a(cortex_m_systick.c.obj)
 .text.sys_clock_driver_init
                0x00000000080037e4       0x34 zephyr/drivers/timer/libdrivers__timer.a(cortex_m_systick.c.obj)
 .text.sys_clock_isr
                0x0000000008003818       0x44 zephyr/drivers/timer/libdrivers__timer.a(cortex_m_systick.c.obj)
                0x0000000008003818                sys_clock_isr
 .text.sys_clock_set_timeout
                0x000000000800385c       0xe0 zephyr/drivers/timer/libdrivers__timer.a(cortex_m_systick.c.obj)
                0x000000000800385c                sys_clock_set_timeout
 .text.sys_clock_elapsed
                0x000000000800393c       0x3c zephyr/drivers/timer/libdrivers__timer.a(cortex_m_systick.c.obj)
                0x000000000800393c                sys_clock_elapsed
 .text.sys_clock_cycle_get_32
                0x0000000008003978       0x2c zephyr/drivers/timer/libdrivers__timer.a(cortex_m_systick.c.obj)
                0x0000000008003978                sys_clock_cycle_get_32
 .text.HAL_RCC_GetSysClockFreq
                0x00000000080039a4       0x5c modules/stm32/stm32cube/lib..__modules__hal__stm32__stm32cube.a(stm32f4xx_hal_rcc.c.obj)
                0x00000000080039a4                HAL_RCC_GetSysClockFreq
 .text.LL_SetFlashLatency
                0x0000000008003a00       0x9c modules/stm32/stm32cube/lib..__modules__hal__stm32__stm32cube.a(stm32f4xx_ll_utils.c.obj)
                0x0000000008003a00                LL_SetFlashLatency
 .text.z_sys_init_run_level
                0x0000000008003a9c       0x44 zephyr/kernel/libkernel.a(init.c.obj)
 .text.bg_thread_main
                0x0000000008003ae0       0x34 zephyr/kernel/libkernel.a(init.c.obj)
 .text.z_bss_zero
                0x0000000008003b14       0x18 zephyr/kernel/libkernel.a(init.c.obj)
                0x0000000008003b14                z_bss_zero
 .text.z_init_cpu
                0x0000000008003b2c       0x70 zephyr/kernel/libkernel.a(init.c.obj)
                0x0000000008003b2c                z_init_cpu
 .text.z_cstart
                0x0000000008003b9c       0xd8 zephyr/kernel/libkernel.a(init.c.obj)
                0x0000000008003b9c                z_cstart
 .text.z_setup_new_thread
                0x0000000008003c74       0x64 zephyr/kernel/libkernel.a(thread.c.obj)
                0x0000000008003c74                z_setup_new_thread
 .text.z_impl_k_thread_create
                0x0000000008003cd8       0x58 zephyr/kernel/libkernel.a(thread.c.obj)
                0x0000000008003cd8                z_impl_k_thread_create
 .text.z_init_static_threads
                0x0000000008003d30       0x98 zephyr/kernel/libkernel.a(thread.c.obj)
                0x0000000008003d30                z_init_static_threads
 .text.z_impl_k_sem_give
                0x0000000008003dc8       0x40 zephyr/kernel/libkernel.a(sem.c.obj)
                0x0000000008003dc8                z_impl_k_sem_give
 .text.z_impl_k_sem_take
                0x0000000008003e08       0x50 zephyr/kernel/libkernel.a(sem.c.obj)
                0x0000000008003e08                z_impl_k_sem_take
 .text.z_impl_k_sem_reset
                0x0000000008003e58       0x3c zephyr/kernel/libkernel.a(sem.c.obj)
                0x0000000008003e58                z_impl_k_sem_reset
 .text.sliceable
                0x0000000008003e94       0x3c zephyr/kernel/libkernel.a(sched.c.obj)
 .text.slice_timeout
                0x0000000008003ed0       0x20 zephyr/kernel/libkernel.a(sched.c.obj)
 .text.z_reset_time_slice
                0x0000000008003ef0       0x50 zephyr/kernel/libkernel.a(sched.c.obj)
                0x0000000008003ef0                z_reset_time_slice
 .text.update_cache
                0x0000000008003f40       0x3c zephyr/kernel/libkernel.a(sched.c.obj)
 .text.move_thread_to_end_of_prio_q
                0x0000000008003f7c       0x74 zephyr/kernel/libkernel.a(sched.c.obj)
 .text.ready_thread
                0x0000000008003ff0       0x68 zephyr/kernel/libkernel.a(sched.c.obj)
 .text.unready_thread
                0x0000000008004058       0x30 zephyr/kernel/libkernel.a(sched.c.obj)
 .text.pend_locked
                0x0000000008004088       0x30 zephyr/kernel/libkernel.a(sched.c.obj)
 .text.k_sched_time_slice_set
                0x00000000080040b8       0x48 zephyr/kernel/libkernel.a(sched.c.obj)
                0x00000000080040b8                k_sched_time_slice_set
 .text.z_time_slice
                0x0000000008004100       0x60 zephyr/kernel/libkernel.a(sched.c.obj)
                0x0000000008004100                z_time_slice
 .text.z_pend_curr
                0x0000000008004160       0x3c zephyr/kernel/libkernel.a(sched.c.obj)
                0x0000000008004160                z_pend_curr
 .text.z_reschedule
                0x000000000800419c       0x24 zephyr/kernel/libkernel.a(sched.c.obj)
                0x000000000800419c                z_reschedule
 .text.z_sched_start
                0x00000000080041c0       0x3c zephyr/kernel/libkernel.a(sched.c.obj)
                0x00000000080041c0                z_sched_start
 .text.z_impl_k_thread_suspend
                0x00000000080041fc       0x64 zephyr/kernel/libkernel.a(sched.c.obj)
                0x00000000080041fc                z_impl_k_thread_suspend
 .text.k_sched_lock
                0x0000000008004260       0x28 zephyr/kernel/libkernel.a(sched.c.obj)
                0x0000000008004260                k_sched_lock
 .text.k_sched_unlock
                0x0000000008004288       0x38 zephyr/kernel/libkernel.a(sched.c.obj)
                0x0000000008004288                k_sched_unlock
 .text.z_sched_init
                0x00000000080042c0       0x18 zephyr/kernel/libkernel.a(sched.c.obj)
                0x00000000080042c0                z_sched_init
 .text.z_impl_k_yield
                0x00000000080042d8       0x7c zephyr/kernel/libkernel.a(sched.c.obj)
                0x00000000080042d8                z_impl_k_yield
 .text.z_tick_sleep
                0x0000000008004354       0x88 zephyr/kernel/libkernel.a(sched.c.obj)
 .text.z_impl_k_sleep
                0x00000000080043dc       0x30 zephyr/kernel/libkernel.a(sched.c.obj)
                0x00000000080043dc                z_impl_k_sleep
 .text.z_impl_z_current_get
                0x000000000800440c        0xc zephyr/kernel/libkernel.a(sched.c.obj)
                0x000000000800440c                z_impl_z_current_get
 .text.z_thread_abort
                0x0000000008004418       0xc0 zephyr/kernel/libkernel.a(sched.c.obj)
                0x0000000008004418                z_thread_abort
 .text.z_data_copy
                0x00000000080044d8       0x34 zephyr/kernel/libkernel.a(xip.c.obj)
                0x00000000080044d8                z_data_copy
 .text.elapsed  0x000000000800450c       0x14 zephyr/kernel/libkernel.a(timeout.c.obj)
 .text.next_timeout
                0x0000000008004520       0x40 zephyr/kernel/libkernel.a(timeout.c.obj)
 .text.remove_timeout
                0x0000000008004560       0x38 zephyr/kernel/libkernel.a(timeout.c.obj)
 .text.z_add_timeout
                0x0000000008004598       0xec zephyr/kernel/libkernel.a(timeout.c.obj)
                0x0000000008004598                z_add_timeout
 .text.sys_clock_announce
                0x0000000008004684       0xd4 zephyr/kernel/libkernel.a(timeout.c.obj)
                0x0000000008004684                sys_clock_announce
 .text.sys_clock_tick_get
                0x0000000008004758       0x34 zephyr/kernel/libkernel.a(timeout.c.obj)
                0x0000000008004758                sys_clock_tick_get
 .text.z_impl_k_busy_wait
                0x000000000800478c       0x30 zephyr/kernel/libkernel.a(timeout.c.obj)
                0x000000000800478c                z_impl_k_busy_wait
 .text.boot_banner
                0x00000000080047bc        0xc zephyr/kernel/libkernel.a(banner.c.obj)
                0x00000000080047bc                boot_banner
 .text._OffsetAbsSyms
                0x00000000080047c8        0x2 zephyr/CMakeFiles/offsets.dir/./arch/arm/core/offsets/offsets.c.obj
                0x00000000080047c8                _OffsetAbsSyms
 .text.sensor_sample_fetch
                0x00000000080047ca        0x8 app/libapp.a(main.c.obj)
 .text.sensor_channel_get.isra.0
                0x00000000080047d2        0x6 app/libapp.a(main.c.obj)
 .text.arch_printk_char_out
                0x00000000080047d8        0x4 zephyr/libzephyr.a(printk.c.obj)
                0x00000000080047d8                arch_printk_char_out
 .text.printk   0x00000000080047dc       0x1a zephyr/libzephyr.a(printk.c.obj)
                0x00000000080047dc                printk
 .text.z_thread_entry
                0x00000000080047f6       0x14 zephyr/libzephyr.a(thread_entry.c.obj)
                0x00000000080047f6                z_thread_entry
 .text._ldiv5   0x000000000800480a       0x30 zephyr/libzephyr.a(cbprintf_complete.c.obj)
 .text._get_digit
                0x000000000800483a       0x2e zephyr/libzephyr.a(cbprintf_complete.c.obj)
 .text.encode_uint
                0x0000000008004868       0x8c zephyr/libzephyr.a(cbprintf_complete.c.obj)
 .text.outs     0x00000000080048f4       0x2e zephyr/libzephyr.a(cbprintf_complete.c.obj)
 .text._ConfigAbsSyms
                0x0000000008004922        0x2 zephyr/libzephyr.a(configs.c.obj)
                0x0000000008004922                _ConfigAbsSyms
 .text.st_stm32_common_config
                0x0000000008004924        0x4 zephyr/libzephyr.a(soc_config.c.obj)
 .text.hts221_read_reg
                0x0000000008004928        0xc zephyr/libzephyr.a(hts221_reg.c.obj)
                0x0000000008004928                hts221_read_reg
 .text.hts221_write_reg
                0x0000000008004934        0xc zephyr/libzephyr.a(hts221_reg.c.obj)
                0x0000000008004934                hts221_write_reg
 .text.hts221_data_rate_set
                0x0000000008004940       0x2e zephyr/libzephyr.a(hts221_reg.c.obj)
                0x0000000008004940                hts221_data_rate_set
 .text.hts221_block_data_update_set
                0x000000000800496e       0x2e zephyr/libzephyr.a(hts221_reg.c.obj)
                0x000000000800496e                hts221_block_data_update_set
 .text.hts221_device_id_get
                0x000000000800499c        0xa zephyr/libzephyr.a(hts221_reg.c.obj)
                0x000000000800499c                hts221_device_id_get
 .text.hts221_power_on_set
                0x00000000080049a6       0x2e zephyr/libzephyr.a(hts221_reg.c.obj)
                0x00000000080049a6                hts221_power_on_set
 .text.lis2mdl_read_reg
                0x00000000080049d4        0xc zephyr/libzephyr.a(lis2mdl_reg.c.obj)
                0x00000000080049d4                lis2mdl_read_reg
 .text.lis2mdl_write_reg
                0x00000000080049e0        0xc zephyr/libzephyr.a(lis2mdl_reg.c.obj)
                0x00000000080049e0                lis2mdl_write_reg
 .text.lis2mdl_mag_user_offset_set
                0x00000000080049ec       0x24 zephyr/libzephyr.a(lis2mdl_reg.c.obj)
                0x00000000080049ec                lis2mdl_mag_user_offset_set
 .text.lis2mdl_operating_mode_set
                0x0000000008004a10       0x2e zephyr/libzephyr.a(lis2mdl_reg.c.obj)
                0x0000000008004a10                lis2mdl_operating_mode_set
 .text.lis2mdl_data_rate_set
                0x0000000008004a3e       0x2e zephyr/libzephyr.a(lis2mdl_reg.c.obj)
                0x0000000008004a3e                lis2mdl_data_rate_set
 .text.lis2mdl_offset_temp_comp_set
                0x0000000008004a6c       0x2e zephyr/libzephyr.a(lis2mdl_reg.c.obj)
                0x0000000008004a6c                lis2mdl_offset_temp_comp_set
 .text.lis2mdl_set_rst_mode_set
                0x0000000008004a9a       0x2e zephyr/libzephyr.a(lis2mdl_reg.c.obj)
                0x0000000008004a9a                lis2mdl_set_rst_mode_set
 .text.lis2mdl_set_rst_sensor_single_set
                0x0000000008004ac8       0x2e zephyr/libzephyr.a(lis2mdl_reg.c.obj)
                0x0000000008004ac8                lis2mdl_set_rst_sensor_single_set
 .text.lis2mdl_block_data_update_set
                0x0000000008004af6       0x2e zephyr/libzephyr.a(lis2mdl_reg.c.obj)
                0x0000000008004af6                lis2mdl_block_data_update_set
 .text.lis2mdl_magnetic_raw_get
                0x0000000008004b24       0x3c zephyr/libzephyr.a(lis2mdl_reg.c.obj)
                0x0000000008004b24                lis2mdl_magnetic_raw_get
 .text.lis2mdl_temperature_raw_get
                0x0000000008004b60       0x20 zephyr/libzephyr.a(lis2mdl_reg.c.obj)
                0x0000000008004b60                lis2mdl_temperature_raw_get
 .text.lis2mdl_device_id_get
                0x0000000008004b80        0xa zephyr/libzephyr.a(lis2mdl_reg.c.obj)
                0x0000000008004b80                lis2mdl_device_id_get
 .text.lis2mdl_reset_set
                0x0000000008004b8a       0x2e zephyr/libzephyr.a(lis2mdl_reg.c.obj)
                0x0000000008004b8a                lis2mdl_reset_set
 .text.lis2mdl_boot_set
                0x0000000008004bb8       0x2e zephyr/libzephyr.a(lis2mdl_reg.c.obj)
                0x0000000008004bb8                lis2mdl_boot_set
 .text.lis2mdl_drdy_on_pin_set
                0x0000000008004be6       0x2e zephyr/libzephyr.a(lis2mdl_reg.c.obj)
                0x0000000008004be6                lis2mdl_drdy_on_pin_set
 .text.lis2mdl_spi_mode_set
                0x0000000008004c14       0x2e zephyr/libzephyr.a(lis2mdl_reg.c.obj)
                0x0000000008004c14                lis2mdl_spi_mode_set
 .text.z_arm_fatal_error
                0x0000000008004c42        0x4 zephyr/arch/arch/arm/core/aarch32/libarch__arm__core__aarch32.a(fatal.c.obj)
                0x0000000008004c42                z_arm_fatal_error
 .text.z_do_kernel_oops
                0x0000000008004c46        0x8 zephyr/arch/arch/arm/core/aarch32/libarch__arm__core__aarch32.a(fatal.c.obj)
                0x0000000008004c46                z_do_kernel_oops
 .text.z_irq_spurious
                0x0000000008004c4e        0x8 zephyr/arch/arch/arm/core/aarch32/libarch__arm__core__aarch32.a(irq_manage.c.obj)
                0x0000000008004c4e                z_irq_spurious
 .text.z_arm_nmi
                0x0000000008004c56        0xe zephyr/arch/arch/arm/core/aarch32/libarch__arm__core__aarch32.a(nmi.c.obj)
                0x0000000008004c56                z_arm_nmi
 .text.strlen   0x0000000008004c64        0xe zephyr/lib/libc/minimal/liblib__libc__minimal.a(string.c.obj)
                0x0000000008004c64                strlen
 .text.strnlen  0x0000000008004c72       0x12 zephyr/lib/libc/minimal/liblib__libc__minimal.a(string.c.obj)
                0x0000000008004c72                strnlen
 .text.strcmp   0x0000000008004c84       0x18 zephyr/lib/libc/minimal/liblib__libc__minimal.a(string.c.obj)
                0x0000000008004c84                strcmp
 .text.memcpy   0x0000000008004c9c       0x16 zephyr/lib/libc/minimal/liblib__libc__minimal.a(string.c.obj)
                0x0000000008004c9c                memcpy
 .text.memset   0x0000000008004cb2       0x12 zephyr/lib/libc/minimal/liblib__libc__minimal.a(string.c.obj)
                0x0000000008004cb2                memset
 .text._stdout_hook_default
                0x0000000008004cc4        0x6 zephyr/lib/libc/minimal/liblib__libc__minimal.a(stdout_console.c.obj)
 .text.fputc    0x0000000008004cca        0x4 zephyr/lib/libc/minimal/liblib__libc__minimal.a(stdout_console.c.obj)
                0x0000000008004cca                fputc
 .text.stm32_exti_init
                0x0000000008004cce       0x92 zephyr/drivers/interrupt_controller/libdrivers__interrupt_controller.a(intc_exti_stm32.c.obj)
 .text.stm32_clock_control_on
                0x0000000008004d60       0x24 zephyr/drivers/clock_control/libdrivers__clock_control.a(clock_stm32_ll_common.c.obj)
 .text.stm32_clock_control_off
                0x0000000008004d84       0x24 zephyr/drivers/clock_control/libdrivers__clock_control.a(clock_stm32_ll_common.c.obj)
 .text.stm32_clock_control_configure
                0x0000000008004da8       0x3a zephyr/drivers/clock_control/libdrivers__clock_control.a(clock_stm32_ll_common.c.obj)
 .text.gpio_stm32_port_get_raw
                0x0000000008004de2        0xc zephyr/drivers/gpio/libdrivers__gpio.a(gpio_stm32.c.obj)
 .text.gpio_stm32_port_set_masked_raw
                0x0000000008004dee       0x12 zephyr/drivers/gpio/libdrivers__gpio.a(gpio_stm32.c.obj)
 .text.gpio_stm32_port_set_bits_raw
                0x0000000008004e00        0xa zephyr/drivers/gpio/libdrivers__gpio.a(gpio_stm32.c.obj)
 .text.gpio_stm32_port_clear_bits_raw
                0x0000000008004e0a        0xc zephyr/drivers/gpio/libdrivers__gpio.a(gpio_stm32.c.obj)
 .text.gpio_stm32_port_toggle_bits
                0x0000000008004e16        0xe zephyr/drivers/gpio/libdrivers__gpio.a(gpio_stm32.c.obj)
 .text.gpio_stm32_manage_callback
                0x0000000008004e24       0x52 zephyr/drivers/gpio/libdrivers__gpio.a(gpio_stm32.c.obj)
 .text.gpio_stm32_configure_raw.isra.0
                0x0000000008004e76      0x106 zephyr/drivers/gpio/libdrivers__gpio.a(gpio_stm32.c.obj)
 .text.gpio_stm32_config
                0x0000000008004f7c       0x78 zephyr/drivers/gpio/libdrivers__gpio.a(gpio_stm32.c.obj)
 .text.gpio_stm32_isr
                0x0000000008004ff4       0x2e zephyr/drivers/gpio/libdrivers__gpio.a(gpio_stm32.c.obj)
 .text.gpio_stm32_configure
                0x0000000008005022       0x30 zephyr/drivers/gpio/libdrivers__gpio.a(gpio_stm32.c.obj)
                0x0000000008005022                gpio_stm32_configure
 .text.handle_txe
                0x0000000008005052       0x4a zephyr/drivers/i2c/libdrivers__i2c.a(i2c_ll_stm32_v1.c.obj)
 .text.stm32_i2c_enable_transfer_interrupts.isra.0
                0x000000000800509c       0x1c zephyr/drivers/i2c/libdrivers__i2c.a(i2c_ll_stm32_v1.c.obj)
 .text.stm32_i2c_disable_transfer_interrupts.isra.0
                0x00000000080050b8       0x2c zephyr/drivers/i2c/libdrivers__i2c.a(i2c_ll_stm32_v1.c.obj)
 .text.stm32_i2c_reset
                0x00000000080050e4       0x5c zephyr/drivers/i2c/libdrivers__i2c.a(i2c_ll_stm32_v1.c.obj)
 .text.msg_init.constprop.0
                0x0000000008005140       0x72 zephyr/drivers/i2c/libdrivers__i2c.a(i2c_ll_stm32_v1.c.obj)
 .text.msg_end.constprop.0
                0x00000000080051b2       0x56 zephyr/drivers/i2c/libdrivers__i2c.a(i2c_ll_stm32_v1.c.obj)
 .text.handle_rxne
                0x0000000008005208       0x92 zephyr/drivers/i2c/libdrivers__i2c.a(i2c_ll_stm32_v1.c.obj)
 .text.stm32_i2c_event_isr
                0x000000000800529a      0x19c zephyr/drivers/i2c/libdrivers__i2c.a(i2c_ll_stm32_v1.c.obj)
                0x000000000800529a                stm32_i2c_event_isr
 .text.stm32_i2c_error_isr
                0x0000000008005436       0x50 zephyr/drivers/i2c/libdrivers__i2c.a(i2c_ll_stm32_v1.c.obj)
                0x0000000008005436                stm32_i2c_error_isr
 .text.stm32_i2c_msg_write
                0x0000000008005486       0x3c zephyr/drivers/i2c/libdrivers__i2c.a(i2c_ll_stm32_v1.c.obj)
                0x0000000008005486                stm32_i2c_msg_write
 .text.stm32_i2c_msg_read
                0x00000000080054c2       0x48 zephyr/drivers/i2c/libdrivers__i2c.a(i2c_ll_stm32_v1.c.obj)
                0x00000000080054c2                stm32_i2c_msg_read
 .text.i2c_stm32_irq_config_func_0
                0x000000000800550a       0x26 zephyr/drivers/i2c/libdrivers__i2c.a(i2c_ll_stm32.c.obj)
 .text.i2c_stm32_transfer
                0x0000000008005530       0xf8 zephyr/drivers/i2c/libdrivers__i2c.a(i2c_ll_stm32.c.obj)
 .text.pinctrl_lookup_state
                0x0000000008005628       0x26 zephyr/drivers/pinctrl/libdrivers__pinctrl.a(common.c.obj)
                0x0000000008005628                pinctrl_lookup_state
 .text.reset_stm32_status
                0x000000000800564e       0x20 zephyr/drivers/reset/libdrivers__reset.a(reset_stm32.c.obj)
 .text.reset_stm32_line_assert
                0x000000000800566e       0x1c zephyr/drivers/reset/libdrivers__reset.a(reset_stm32.c.obj)
 .text.reset_stm32_line_deassert
                0x000000000800568a       0x1e zephyr/drivers/reset/libdrivers__reset.a(reset_stm32.c.obj)
 .text.reset_stm32_line_toggle
                0x00000000080056a8       0x16 zephyr/drivers/reset/libdrivers__reset.a(reset_stm32.c.obj)
 .text.reset_stm32_init
                0x00000000080056be        0x4 zephyr/drivers/reset/libdrivers__reset.a(reset_stm32.c.obj)
 .text.hts221_sample_fetch
                0x00000000080056c2       0x28 zephyr/drivers/sensor/hts221/libdrivers__sensor__hts221.a(hts221.c.obj)
 .text.lis2dh_fetch_xyz.constprop.0
                0x00000000080056ea       0x22 zephyr/drivers/sensor/lis2dh/libdrivers__sensor__lis2dh.a(lis2dh.c.obj)
 .text.lis2dh_sample_fetch
                0x000000000800570c       0x1a zephyr/drivers/sensor/lis2dh/libdrivers__sensor__lis2dh.a(lis2dh.c.obj)
 .text.i2c_transfer
                0x0000000008005726        0xc zephyr/drivers/sensor/lis2dh/libdrivers__sensor__lis2dh.a(lis2dh_i2c.c.obj)
 .text.lis2dh_i2c_write_data
                0x0000000008005732       0x38 zephyr/drivers/sensor/lis2dh/libdrivers__sensor__lis2dh.a(lis2dh_i2c.c.obj)
 .text.lis2dh_i2c_read_data
                0x000000000800576a       0x3a zephyr/drivers/sensor/lis2dh/libdrivers__sensor__lis2dh.a(lis2dh_i2c.c.obj)
 .text.lis2dh_i2c_write_reg
                0x00000000080057a4       0x2a zephyr/drivers/sensor/lis2dh/libdrivers__sensor__lis2dh.a(lis2dh_i2c.c.obj)
 .text.lis2dh_i2c_read_reg
                0x00000000080057ce       0x34 zephyr/drivers/sensor/lis2dh/libdrivers__sensor__lis2dh.a(lis2dh_i2c.c.obj)
 .text.lis2dh_i2c_update_reg
                0x0000000008005802       0x7a zephyr/drivers/sensor/lis2dh/libdrivers__sensor__lis2dh.a(lis2dh_i2c.c.obj)
 .text.get_single_mode_raw_data
                0x000000000800587c       0x32 zephyr/drivers/sensor/lis2mdl/libdrivers__sensor__lis2mdl.a(lis2mdl.c.obj)
 .text.lis2mdl_init
                0x00000000080058ae       0xee zephyr/drivers/sensor/lis2mdl/libdrivers__sensor__lis2mdl.a(lis2mdl.c.obj)
 .text.lis2mdl_sample_fetch_temp.isra.0
                0x000000000800599c       0x1c zephyr/drivers/sensor/lis2mdl/libdrivers__sensor__lis2mdl.a(lis2mdl.c.obj)
 .text.lis2mdl_sample_fetch_mag.isra.0
                0x00000000080059b8       0x82 zephyr/drivers/sensor/lis2mdl/libdrivers__sensor__lis2mdl.a(lis2mdl.c.obj)
 .text.lis2mdl_sample_fetch
                0x0000000008005a3a       0x2e zephyr/drivers/sensor/lis2mdl/libdrivers__sensor__lis2mdl.a(lis2mdl.c.obj)
 .text.lis2mdl_attr_set
                0x0000000008005a68       0x70 zephyr/drivers/sensor/lis2mdl/libdrivers__sensor__lis2mdl.a(lis2mdl.c.obj)
 .text.z_impl_i2c_transfer
                0x0000000008005ad8        0xc zephyr/drivers/sensor/lps22hb/libdrivers__sensor__lps22hb.a(lps22hb.c.obj)
 .text.lps22hb_sample_fetch
                0x0000000008005ae4       0x64 zephyr/drivers/sensor/lps22hb/libdrivers__sensor__lps22hb.a(lps22hb.c.obj)
 .text.i2c_reg_update_byte.constprop.0
                0x0000000008005b48       0x78 zephyr/drivers/sensor/lps22hb/libdrivers__sensor__lps22hb.a(lps22hb.c.obj)
 .text.lps22hb_init
                0x0000000008005bc0       0x84 zephyr/drivers/sensor/lps22hb/libdrivers__sensor__lps22hb.a(lps22hb.c.obj)
 .text.lsm6dsl_accel_set_fs_raw
                0x0000000008005c44       0x26 zephyr/drivers/sensor/lsm6dsl/libdrivers__sensor__lsm6dsl.a(lsm6dsl.c.obj)
 .text.lsm6dsl_gyro_set_fs_raw
                0x0000000008005c6a       0x2a zephyr/drivers/sensor/lsm6dsl/libdrivers__sensor__lsm6dsl.a(lsm6dsl.c.obj)
 .text.lsm6dsl_gyro_set_odr_raw
                0x0000000008005c94       0x20 zephyr/drivers/sensor/lsm6dsl/libdrivers__sensor__lsm6dsl.a(lsm6dsl.c.obj)
 .text.lsm6dsl_channel_get
                0x0000000008005cb4       0x8c zephyr/drivers/sensor/lsm6dsl/libdrivers__sensor__lsm6dsl.a(lsm6dsl.c.obj)
 .text.lsm6dsl_sample_fetch_gyro.isra.0
                0x0000000008005d40       0x2a zephyr/drivers/sensor/lsm6dsl/libdrivers__sensor__lsm6dsl.a(lsm6dsl.c.obj)
 .text.lsm6dsl_sample_fetch_accel.isra.0
                0x0000000008005d6a       0x2a zephyr/drivers/sensor/lsm6dsl/libdrivers__sensor__lsm6dsl.a(lsm6dsl.c.obj)
 .text.lsm6dsl_sample_fetch
                0x0000000008005d94       0x2a zephyr/drivers/sensor/lsm6dsl/libdrivers__sensor__lsm6dsl.a(lsm6dsl.c.obj)
 .text.i2c_transfer
                0x0000000008005dbe        0xc zephyr/drivers/sensor/lsm6dsl/libdrivers__sensor__lsm6dsl.a(lsm6dsl_i2c.c.obj)
 .text.lsm6dsl_i2c_write_data
                0x0000000008005dca       0x34 zephyr/drivers/sensor/lsm6dsl/libdrivers__sensor__lsm6dsl.a(lsm6dsl_i2c.c.obj)
 .text.lsm6dsl_i2c_read_data
                0x0000000008005dfe       0x36 zephyr/drivers/sensor/lsm6dsl/libdrivers__sensor__lsm6dsl.a(lsm6dsl_i2c.c.obj)
 .text.lsm6dsl_i2c_read_reg
                0x0000000008005e34       0x34 zephyr/drivers/sensor/lsm6dsl/libdrivers__sensor__lsm6dsl.a(lsm6dsl_i2c.c.obj)
 .text.lsm6dsl_i2c_update_reg
                0x0000000008005e68       0x7a zephyr/drivers/sensor/lsm6dsl/libdrivers__sensor__lsm6dsl.a(lsm6dsl_i2c.c.obj)
 .text.setup_irq.isra.0
                0x0000000008005ee2       0x3a zephyr/drivers/sensor/lsm6dsl/libdrivers__sensor__lsm6dsl.a(lsm6dsl_trigger.c.obj)
 .text.lsm6dsl_gpio_callback
                0x0000000008005f1c       0x1c zephyr/drivers/sensor/lsm6dsl/libdrivers__sensor__lsm6dsl.a(lsm6dsl_trigger.c.obj)
 .text.lsm6dsl_thread
                0x0000000008005f38       0x2e zephyr/drivers/sensor/lsm6dsl/libdrivers__sensor__lsm6dsl.a(lsm6dsl_trigger.c.obj)
 .text.lsm6dsl_trigger_set
                0x0000000008005f66       0x76 zephyr/drivers/sensor/lsm6dsl/libdrivers__sensor__lsm6dsl.a(lsm6dsl_trigger.c.obj)
                0x0000000008005f66                lsm6dsl_trigger_set
 .text.stmemsc_i2c_read
                0x0000000008005fdc       0x38 zephyr/drivers/sensor/stmemsc/libdrivers__sensor__stmemsc.a(stmemsc_i2c.c.obj)
                0x0000000008005fdc                stmemsc_i2c_read
 .text.stmemsc_i2c_write
                0x0000000008006014       0x36 zephyr/drivers/sensor/stmemsc/libdrivers__sensor__stmemsc.a(stmemsc_i2c.c.obj)
                0x0000000008006014                stmemsc_i2c_write
 .text.LL_USART_ClearFlag_PE
                0x000000000800604a       0x12 zephyr/drivers/serial/libdrivers__serial.a(uart_stm32.c.obj)
 .text.uart_stm32_poll_in
                0x000000000800605c       0x22 zephyr/drivers/serial/libdrivers__serial.a(uart_stm32.c.obj)
 .text.uart_stm32_poll_out
                0x000000000800607e       0x3a zephyr/drivers/serial/libdrivers__serial.a(uart_stm32.c.obj)
 .text.uart_stm32_err_check
                0x00000000080060b8       0x66 zephyr/drivers/serial/libdrivers__serial.a(uart_stm32.c.obj)
 .text.uart_stm32_set_baudrate
                0x000000000800611e       0x54 zephyr/drivers/serial/libdrivers__serial.a(uart_stm32.c.obj)
 .text.uart_stm32_config_get
                0x0000000008006172       0x8c zephyr/drivers/serial/libdrivers__serial.a(uart_stm32.c.obj)
 .text.z_device_state_init
                0x00000000080061fe        0x2 zephyr/kernel/libkernel.a(device.c.obj)
                0x00000000080061fe                z_device_state_init
 .text.z_device_is_ready
                0x0000000008006200       0x16 zephyr/kernel/libkernel.a(device.c.obj)
                0x0000000008006200                z_device_is_ready
 .text.arch_system_halt
                0x0000000008006216       0x12 zephyr/kernel/libkernel.a(fatal.c.obj)
                0x0000000008006216                arch_system_halt
 .text.k_sys_fatal_error_handler
                0x0000000008006228        0x6 zephyr/kernel/libkernel.a(fatal.c.obj)
                0x0000000008006228                k_sys_fatal_error_handler
 .text.z_fatal_error
                0x000000000800622e       0x36 zephyr/kernel/libkernel.a(fatal.c.obj)
                0x000000000800622e                z_fatal_error
 .text.z_early_memset
                0x0000000008006264        0x4 zephyr/kernel/libkernel.a(init.c.obj)
                0x0000000008006264                z_early_memset
 .text.z_early_memcpy
                0x0000000008006268        0x4 zephyr/kernel/libkernel.a(init.c.obj)
                0x0000000008006268                z_early_memcpy
 .text.idle     0x000000000800626c       0x18 zephyr/kernel/libkernel.a(idle.c.obj)
                0x000000000800626c                idle
 .text.z_impl_k_sem_init
                0x0000000008006284       0x18 zephyr/kernel/libkernel.a(sem.c.obj)
                0x0000000008006284                z_impl_k_sem_init
 .text.sys_dlist_remove
                0x000000000800629c       0x10 zephyr/kernel/libkernel.a(sched.c.obj)
 .text.unpend_thread_no_timeout
                0x00000000080062ac       0x14 zephyr/kernel/libkernel.a(sched.c.obj)
 .text.add_to_waitq_locked
                0x00000000080062c0       0x50 zephyr/kernel/libkernel.a(sched.c.obj)
 .text.z_ready_thread
                0x0000000008006310       0x20 zephyr/kernel/libkernel.a(sched.c.obj)
                0x0000000008006310                z_ready_thread
 .text.z_sched_wake_thread
                0x0000000008006330       0x44 zephyr/kernel/libkernel.a(sched.c.obj)
                0x0000000008006330                z_sched_wake_thread
 .text.z_thread_timeout
                0x0000000008006374        0x8 zephyr/kernel/libkernel.a(sched.c.obj)
                0x0000000008006374                z_thread_timeout
 .text.z_unpend_first_thread
                0x000000000800637c       0x38 zephyr/kernel/libkernel.a(sched.c.obj)
                0x000000000800637c                z_unpend_first_thread
 .text.z_reschedule_irqlock
                0x00000000080063b4       0x18 zephyr/kernel/libkernel.a(sched.c.obj)
                0x00000000080063b4                z_reschedule_irqlock
 .text.z_reschedule_unlocked
                0x00000000080063cc       0x14 zephyr/kernel/libkernel.a(sched.c.obj)
 .text.z_abort_timeout
                0x00000000080063e0       0x2c zephyr/kernel/libkernel.a(timeout.c.obj)
                0x00000000080063e0                z_abort_timeout
 .text.sys_clock_tick_get_32
                0x000000000800640c        0x8 zephyr/kernel/libkernel.a(timeout.c.obj)
                0x000000000800640c                sys_clock_tick_get_32
 *(SORT_BY_ALIGNMENT(.TEXT.*))
 *(SORT_BY_ALIGNMENT(.gnu.linkonce.t.*))
 *(SORT_BY_ALIGNMENT(.glue_7t))
 .glue_7t       0x0000000008006414        0x0 linker stubs
 *(SORT_BY_ALIGNMENT(.glue_7))
 .glue_7        0x0000000008006414        0x0 linker stubs
 *(SORT_BY_ALIGNMENT(.vfp11_veneer))
 .vfp11_veneer  0x0000000008006414        0x0 linker stubs
 *(SORT_BY_ALIGNMENT(.v4_bx))
 .v4_bx         0x0000000008006414        0x0 linker stubs
                0x0000000008006414                . = ALIGN (0x4)
                0x0000000008006414                __text_region_end = .

.ARM.exidx      0x0000000008006414        0x8
                0x0000000008006414                __exidx_start = .
 *(SORT_BY_ALIGNMENT(.ARM.exidx*) SORT_BY_ALIGNMENT(gnu.linkonce.armexidx.*))
 .ARM.exidx     0x0000000008006414        0x8 /home/teodora/zephyr-sdk-0.15.2/arm-zephyr-eabi/bin/../lib/gcc/arm-zephyr-eabi/12.1.0/thumb/v7e-m/nofp/libgcc.a(_udivmoddi4.o)
                0x000000000800641c                __exidx_end = .
                0x000000000800641c                __rodata_region_start = .

initlevel       0x000000000800641c       0xb8
                0x000000000800641c                __init_start = .
                0x000000000800641c                __init_EARLY_start = .
 *(SORT_BY_NAME(SORT_BY_ALIGNMENT(.z_init_EARLY[0-9]_*)))
 *(SORT_BY_NAME(SORT_BY_ALIGNMENT(.z_init_EARLY[1-9][0-9]_*)))
                0x000000000800641c                __init_PRE_KERNEL_1_start = .
 *(SORT_BY_NAME(SORT_BY_ALIGNMENT(.z_init_PRE_KERNEL_1[0-9]_*)))
 .z_init_PRE_KERNEL_10_
                0x000000000800641c        0x8 zephyr/libzephyr.a(soc.c.obj)
 .z_init_PRE_KERNEL_11_
                0x0000000008006424        0x8 zephyr/libzephyr.a(soc_config.c.obj)
 .z_init_PRE_KERNEL_11_
                0x000000000800642c        0x8 zephyr/drivers/clock_control/libdrivers__clock_control.a(clock_stm32_ll_common.c.obj)
 *(SORT_BY_NAME(SORT_BY_ALIGNMENT(.z_init_PRE_KERNEL_1[1-9][0-9]_*)))
 .z_init_PRE_KERNEL_140_
                0x0000000008006434        0x8 zephyr/drivers/interrupt_controller/libdrivers__interrupt_controller.a(intc_exti_stm32.c.obj)
 .z_init_PRE_KERNEL_140_
                0x000000000800643c       0x40 zephyr/drivers/gpio/libdrivers__gpio.a(gpio_stm32.c.obj)
 .z_init_PRE_KERNEL_140_
                0x000000000800647c        0x8 zephyr/drivers/reset/libdrivers__reset.a(reset_stm32.c.obj)
 .z_init_PRE_KERNEL_155_
                0x0000000008006484       0x10 zephyr/drivers/serial/libdrivers__serial.a(uart_stm32.c.obj)
 .z_init_PRE_KERNEL_160_
                0x0000000008006494        0x8 zephyr/drivers/console/libdrivers__console.a(uart_console.c.obj)
                0x000000000800649c                __init_PRE_KERNEL_2_start = .
 *(SORT_BY_NAME(SORT_BY_ALIGNMENT(.z_init_PRE_KERNEL_2[0-9]_*)))
 .z_init_PRE_KERNEL_20_
                0x000000000800649c        0x8 zephyr/drivers/timer/libdrivers__timer.a(cortex_m_systick.c.obj)
 *(SORT_BY_NAME(SORT_BY_ALIGNMENT(.z_init_PRE_KERNEL_2[1-9][0-9]_*)))
                0x00000000080064a4                __init_POST_KERNEL_start = .
 *(SORT_BY_NAME(SORT_BY_ALIGNMENT(.z_init_POST_KERNEL[0-9]_*)))
 *(SORT_BY_NAME(SORT_BY_ALIGNMENT(.z_init_POST_KERNEL[1-9][0-9]_*)))
 .z_init_POST_KERNEL50_
                0x00000000080064a4        0x8 zephyr/drivers/i2c/libdrivers__i2c.a(i2c_ll_stm32.c.obj)
 .z_init_POST_KERNEL90_
                0x00000000080064ac        0x8 zephyr/drivers/sensor/hts221/libdrivers__sensor__hts221.a(hts221.c.obj)
 .z_init_POST_KERNEL90_
                0x00000000080064b4        0x8 zephyr/drivers/sensor/lis2dh/libdrivers__sensor__lis2dh.a(lis2dh.c.obj)
 .z_init_POST_KERNEL90_
                0x00000000080064bc        0x8 zephyr/drivers/sensor/lis2mdl/libdrivers__sensor__lis2mdl.a(lis2mdl.c.obj)
 .z_init_POST_KERNEL90_
                0x00000000080064c4        0x8 zephyr/drivers/sensor/lps22hb/libdrivers__sensor__lps22hb.a(lps22hb.c.obj)
 .z_init_POST_KERNEL90_
                0x00000000080064cc        0x8 zephyr/drivers/sensor/lsm6dsl/libdrivers__sensor__lsm6dsl.a(lsm6dsl.c.obj)
                0x00000000080064d4                __init_APPLICATION_start = .
 *(SORT_BY_NAME(SORT_BY_ALIGNMENT(.z_init_APPLICATION[0-9]_*)))
 *(SORT_BY_NAME(SORT_BY_ALIGNMENT(.z_init_APPLICATION[1-9][0-9]_*)))
                0x00000000080064d4                __init_SMP_start = .
 *(SORT_BY_NAME(SORT_BY_ALIGNMENT(.z_init_SMP[0-9]_*)))
 *(SORT_BY_NAME(SORT_BY_ALIGNMENT(.z_init_SMP[1-9][0-9]_*)))
                0x00000000080064d4                __init_end = .

devices         0x00000000080064d4      0x1c8
                0x00000000080064d4                __device_start = .
                0x00000000080064d4                __device_EARLY_start = .
 *(SORT_BY_NAME(SORT_BY_ALIGNMENT(.z_device_EARLY[0-9]_*)))
 *(SORT_BY_NAME(SORT_BY_ALIGNMENT(.z_device_EARLY[1-9][0-9]_*)))
                0x00000000080064d4                __device_PRE_KERNEL_1_start = .
 *(SORT_BY_NAME(SORT_BY_ALIGNMENT(.z_device_PRE_KERNEL_1[0-9]_*)))
 .z_device_PRE_KERNEL_11_
                0x00000000080064d4       0x18 zephyr/drivers/clock_control/libdrivers__clock_control.a(clock_stm32_ll_common.c.obj)
                0x00000000080064d4                __device_dts_ord_9
 *(SORT_BY_NAME(SORT_BY_ALIGNMENT(.z_device_PRE_KERNEL_1[1-9][0-9]_*)))
 .z_device_PRE_KERNEL_140_
                0x00000000080064ec       0x18 zephyr/drivers/interrupt_controller/libdrivers__interrupt_controller.a(intc_exti_stm32.c.obj)
                0x00000000080064ec                __device_dts_ord_39
 .z_device_PRE_KERNEL_140_
                0x0000000008006504       0xc0 zephyr/drivers/gpio/libdrivers__gpio.a(gpio_stm32.c.obj)
                0x0000000008006504                __device_dts_ord_84
                0x000000000800651c                __device_dts_ord_83
                0x0000000008006534                __device_dts_ord_82
                0x000000000800654c                __device_dts_ord_81
                0x0000000008006564                __device_dts_ord_80
                0x000000000800657c                __device_dts_ord_22
                0x0000000008006594                __device_dts_ord_54
                0x00000000080065ac                __device_dts_ord_25
 .z_device_PRE_KERNEL_140_
                0x00000000080065c4       0x18 zephyr/drivers/reset/libdrivers__reset.a(reset_stm32.c.obj)
                0x00000000080065c4                __device_dts_ord_28
 .z_device_PRE_KERNEL_155_
                0x00000000080065dc       0x30 zephyr/drivers/serial/libdrivers__serial.a(uart_stm32.c.obj)
                0x00000000080065dc                __device_dts_ord_43
                0x00000000080065f4                __device_dts_ord_46
                0x000000000800660c                __device_PRE_KERNEL_2_start = .
 *(SORT_BY_NAME(SORT_BY_ALIGNMENT(.z_device_PRE_KERNEL_2[0-9]_*)))
 *(SORT_BY_NAME(SORT_BY_ALIGNMENT(.z_device_PRE_KERNEL_2[1-9][0-9]_*)))
                0x000000000800660c                __device_POST_KERNEL_start = .
 *(SORT_BY_NAME(SORT_BY_ALIGNMENT(.z_device_POST_KERNEL[0-9]_*)))
 *(SORT_BY_NAME(SORT_BY_ALIGNMENT(.z_device_POST_KERNEL[1-9][0-9]_*)))
 .z_device_POST_KERNEL50_
                0x000000000800660c       0x18 zephyr/drivers/i2c/libdrivers__i2c.a(i2c_ll_stm32.c.obj)
                0x000000000800660c                __device_dts_ord_74
 .z_device_POST_KERNEL90_
                0x0000000008006624       0x18 zephyr/drivers/sensor/hts221/libdrivers__sensor__hts221.a(hts221.c.obj)
                0x0000000008006624                __device_dts_ord_75
 .z_device_POST_KERNEL90_
                0x000000000800663c       0x18 zephyr/drivers/sensor/lis2dh/libdrivers__sensor__lis2dh.a(lis2dh.c.obj)
                0x000000000800663c                __device_dts_ord_77
 .z_device_POST_KERNEL90_
                0x0000000008006654       0x18 zephyr/drivers/sensor/lis2mdl/libdrivers__sensor__lis2mdl.a(lis2mdl.c.obj)
                0x0000000008006654                __device_dts_ord_78
 .z_device_POST_KERNEL90_
                0x000000000800666c       0x18 zephyr/drivers/sensor/lps22hb/libdrivers__sensor__lps22hb.a(lps22hb.c.obj)
                0x000000000800666c                __device_dts_ord_76
 .z_device_POST_KERNEL90_
                0x0000000008006684       0x18 zephyr/drivers/sensor/lsm6dsl/libdrivers__sensor__lsm6dsl.a(lsm6dsl.c.obj)
                0x0000000008006684                __device_dts_ord_79
                0x000000000800669c                __device_APPLICATION_start = .
 *(SORT_BY_NAME(SORT_BY_ALIGNMENT(.z_device_APPLICATION[0-9]_*)))
 *(SORT_BY_NAME(SORT_BY_ALIGNMENT(.z_device_APPLICATION[1-9][0-9]_*)))
                0x000000000800669c                __device_SMP_start = .
 *(SORT_BY_NAME(SORT_BY_ALIGNMENT(.z_device_SMP[0-9]_*)))
 *(SORT_BY_NAME(SORT_BY_ALIGNMENT(.z_device_SMP[1-9][0-9]_*)))
                0x000000000800669c                __device_end = .

sw_isr_table    0x000000000800669c      0x2a8
                0x000000000800669c                . = ALIGN (0x4)
 *(SORT_BY_ALIGNMENT(.gnu.linkonce.sw_isr_table*))
 .gnu.linkonce.sw_isr_table
                0x000000000800669c      0x2a8 zephyr/CMakeFiles/zephyr_final.dir/isr_tables.c.obj
                0x000000000800669c                _sw_isr_table

initlevel_error
                0x000000000800641c        0x0
 *(SORT_BY_NAME(SORT_BY_ALIGNMENT(.z_init_[_A-Z0-9]*)))
                0x0000000000000001                ASSERT ((SIZEOF (initlevel_error) == 0x0), Undefined initialization levels used.)

app_shmem_regions
                0x0000000008006944        0x0
                0x0000000008006944                __app_shmem_regions_start = .
 *(SORT_BY_NAME(SORT_BY_ALIGNMENT(.app_regions.*)))
                0x0000000008006944                __app_shmem_regions_end = .

k_p4wq_initparam_area
                0x0000000008006944        0x0
                0x0000000008006944                _k_p4wq_initparam_list_start = .
 *(SORT_BY_NAME(SORT_BY_ALIGNMENT(._k_p4wq_initparam.static.*)))
                0x0000000008006944                _k_p4wq_initparam_list_end = .

_static_thread_data_area
                0x0000000008006944        0x0
                0x0000000008006944                __static_thread_data_list_start = .
 *(SORT_BY_NAME(SORT_BY_ALIGNMENT(.__static_thread_data.static.*)))
                0x0000000008006944                __static_thread_data_list_end = .

device_handles  0x0000000008006944       0xca
                0x0000000008006944                __device_handles_start = .
 *(SORT_BY_NAME(SORT_BY_ALIGNMENT(.__device_handles_pass2*)))
 .__device_handles_pass2
                0x0000000008006944       0xca zephyr/CMakeFiles/zephyr_final.dir/dev_handles.c.obj
                0x0000000008006944                __devicehdl_dts_ord_79
                0x000000000800694e                __devicehdl_dts_ord_76
                0x0000000008006956                __devicehdl_dts_ord_78
                0x0000000008006960                __devicehdl_dts_ord_77
                0x000000000800696a                __devicehdl_dts_ord_75
                0x0000000008006972                __devicehdl_dts_ord_74
                0x0000000008006984                __devicehdl_dts_ord_46
                0x000000000800698e                __devicehdl_dts_ord_43
                0x0000000008006998                __devicehdl_dts_ord_28
                0x00000000080069a4                __devicehdl_dts_ord_25
                0x00000000080069ac                __devicehdl_dts_ord_54
                0x00000000080069ba                __devicehdl_dts_ord_22
                0x00000000080069c2                __devicehdl_dts_ord_80
                0x00000000080069ca                __devicehdl_dts_ord_81
                0x00000000080069d2                __devicehdl_dts_ord_82
                0x00000000080069da                __devicehdl_dts_ord_83
                0x00000000080069e2                __devicehdl_dts_ord_84
                0x00000000080069ea                __devicehdl_dts_ord_39
                0x00000000080069f0                __devicehdl_dts_ord_9
                0x0000000008006a0e                __device_handles_end = .

ztest           0x0000000008006a0e        0x0
                0x0000000008006a0e                _ztest_expected_result_entry_list_start = .
 *(SORT_BY_NAME(SORT_BY_ALIGNMENT(._ztest_expected_result_entry.static.*)))
                0x0000000008006a0e                _ztest_expected_result_entry_list_end = .
                0x0000000008006a0e                _ztest_suite_node_list_start = .
 *(SORT_BY_NAME(SORT_BY_ALIGNMENT(._ztest_suite_node.static.*)))
                0x0000000008006a0e                _ztest_suite_node_list_end = .
                0x0000000008006a0e                _ztest_unit_test_list_start = .
 *(SORT_BY_NAME(SORT_BY_ALIGNMENT(._ztest_unit_test.static.*)))
                0x0000000008006a0e                _ztest_unit_test_list_end = .
                0x0000000008006a0e                _ztest_test_rule_list_start = .
 *(SORT_BY_NAME(SORT_BY_ALIGNMENT(._ztest_test_rule.static.*)))
                0x0000000008006a0e                _ztest_test_rule_list_end = .

bt_l2cap_fixed_chan_area
                0x0000000008006a0e        0x0
                0x0000000008006a0e                _bt_l2cap_fixed_chan_list_start = .
 *(SORT_BY_NAME(SORT_BY_ALIGNMENT(._bt_l2cap_fixed_chan.static.*)))
                0x0000000008006a0e                _bt_l2cap_fixed_chan_list_end = .

bt_gatt_service_static_area
                0x0000000008006a0e        0x0
                0x0000000008006a0e                _bt_gatt_service_static_list_start = .
 *(SORT_BY_NAME(SORT_BY_ALIGNMENT(._bt_gatt_service_static.static.*)))
                0x0000000008006a0e                _bt_gatt_service_static_list_end = .

log_strings_sections
                0x0000000008006a0e        0x0
                0x0000000008006a0e                __log_strings_start = .
 *(SORT_BY_NAME(SORT_BY_ALIGNMENT(.log_strings*)))
                0x0000000008006a0e                __log_strings_end = .

log_const_sections
                0x0000000008006a10       0x60
                0x0000000008006a10                __log_const_start = .
 *(SORT_BY_NAME(SORT_BY_ALIGNMENT(.log_const_*)))
 .log_const_HTS221
                0x0000000008006a10        0x8 zephyr/drivers/sensor/hts221/libdrivers__sensor__hts221.a(hts221.c.obj)
                0x0000000008006a10                log_const_HTS221
 .log_const_LIS2MDL
                0x0000000008006a18        0x8 zephyr/drivers/sensor/lis2mdl/libdrivers__sensor__lis2mdl.a(lis2mdl.c.obj)
                0x0000000008006a18                log_const_LIS2MDL
 .log_const_LPS22HB
                0x0000000008006a20        0x8 zephyr/drivers/sensor/lps22hb/libdrivers__sensor__lps22hb.a(lps22hb.c.obj)
                0x0000000008006a20                log_const_LPS22HB
 .log_const_LSM6DSL
                0x0000000008006a28        0x8 zephyr/drivers/sensor/lsm6dsl/libdrivers__sensor__lsm6dsl.a(lsm6dsl.c.obj)
                0x0000000008006a28                log_const_LSM6DSL
 .log_const_cbprintf_package
                0x0000000008006a30        0x8 zephyr/libzephyr.a(cbprintf_packaged.c.obj)
                0x0000000008006a30                log_const_cbprintf_package
 .log_const_i2c
                0x0000000008006a38        0x8 zephyr/drivers/i2c/libdrivers__i2c.a(i2c_common.c.obj)
                0x0000000008006a38                log_const_i2c
 .log_const_i2c_ll_stm32
                0x0000000008006a40        0x8 zephyr/drivers/i2c/libdrivers__i2c.a(i2c_ll_stm32.c.obj)
                0x0000000008006a40                log_const_i2c_ll_stm32
 .log_const_i2c_ll_stm32_v1
                0x0000000008006a48        0x8 zephyr/drivers/i2c/libdrivers__i2c.a(i2c_ll_stm32_v1.c.obj)
                0x0000000008006a48                log_const_i2c_ll_stm32_v1
 .log_const_lis2dh
                0x0000000008006a50        0x8 zephyr/drivers/sensor/lis2dh/libdrivers__sensor__lis2dh.a(lis2dh.c.obj)
                0x0000000008006a50                log_const_lis2dh
 .log_const_mpu
                0x0000000008006a58        0x8 zephyr/arch/arch/arm/core/aarch32/mpu/libarch__arm__core__aarch32__mpu.a(arm_core_mpu.c.obj)
                0x0000000008006a58                log_const_mpu
 .log_const_os  0x0000000008006a60        0x8 zephyr/kernel/libkernel.a(init.c.obj)
                0x0000000008006a60                log_const_os
 .log_const_uart_stm32
                0x0000000008006a68        0x8 zephyr/drivers/serial/libdrivers__serial.a(uart_stm32.c.obj)
                0x0000000008006a68                log_const_uart_stm32
                0x0000000008006a70                __log_const_end = .

log_backend_area
                0x0000000008006a70        0x0
                0x0000000008006a70                _log_backend_list_start = .
 *(SORT_BY_NAME(SORT_BY_ALIGNMENT(._log_backend.static.*)))
                0x0000000008006a70                _log_backend_list_end = .

log_link_area   0x0000000008006a70        0x0
                0x0000000008006a70                _log_link_list_start = .
 *(SORT_BY_NAME(SORT_BY_ALIGNMENT(._log_link.static.*)))
                0x0000000008006a70                _log_link_list_end = .

tracing_backend_area
                0x0000000008006a70        0x0
                0x0000000008006a70                _tracing_backend_list_start = .
 *(SORT_BY_NAME(SORT_BY_ALIGNMENT(._tracing_backend.static.*)))
                0x0000000008006a70                _tracing_backend_list_end = .

zephyr_dbg_info
 *(SORT_BY_ALIGNMENT(.dbg_thread_info))

symbol_to_keep  0x0000000008006a70        0x0
                0x0000000008006a70                __symbol_to_keep_start = .
 *(SORT_BY_NAME(SORT_BY_ALIGNMENT(.symbol_to_keep*)))
                0x0000000008006a70                __symbol_to_keep_end = .

shell_area      0x0000000008006a70        0x0
                0x0000000008006a70                _shell_list_start = .
 *(SORT_BY_NAME(SORT_BY_ALIGNMENT(._shell.static.*)))
                0x0000000008006a70                _shell_list_end = .

shell_root_cmds_sections
                0x0000000008006a70        0x0
                0x0000000008006a70                __shell_root_cmds_start = .
 *(SORT_BY_NAME(SORT_BY_ALIGNMENT(.shell_root_cmd_*)))
                0x0000000008006a70                __shell_root_cmds_end = .

shell_subcmds_sections
                0x0000000008006a70        0x0
                0x0000000008006a70                __shell_subcmds_start = .
 *(SORT_BY_NAME(SORT_BY_ALIGNMENT(.shell_subcmd_*)))
                0x0000000008006a70                __shell_subcmds_end = .

shell_dynamic_subcmds_sections
                0x0000000008006a70        0x0
                0x0000000008006a70                __shell_dynamic_subcmds_start = .
 *(SORT_BY_NAME(SORT_BY_ALIGNMENT(.shell_dynamic_subcmd_*)))
                0x0000000008006a70                __shell_dynamic_subcmds_end = .

font_entry_sections
                0x0000000008006a70        0x0
                0x0000000008006a70                __font_entry_start = .
 *(SORT_BY_NAME(SORT_BY_ALIGNMENT(._cfb_font.*)))
                0x0000000008006a70                __font_entry_end = .

rodata          0x0000000008006a70      0x830
 *(SORT_BY_ALIGNMENT(.rodata))
 .rodata        0x0000000008006a70        0x8 zephyr/drivers/gpio/libdrivers__gpio.a(gpio_stm32.c.obj)
 *(SORT_BY_ALIGNMENT(.rodata.*))
 .rodata.static_regions
                0x0000000008006a78        0xc zephyr/arch/arch/arm/core/aarch32/mpu/libarch__arm__core__aarch32__mpu.a(arm_core_mpu.c.obj)
 .rodata.mpu_config
                0x0000000008006a84        0x8 zephyr/soc/arm/common/cortex_m/libsoc__arm__common__cortex_m.a(arm_mpu_regions.c.obj)
                0x0000000008006a84                mpu_config
 .rodata.mpu_regions
                0x0000000008006a8c       0x18 zephyr/soc/arm/common/cortex_m/libsoc__arm__common__cortex_m.a(arm_mpu_regions.c.obj)
 .rodata.gpio_stm32_cfg_h
                0x0000000008006aa4       0x14 zephyr/drivers/gpio/libdrivers__gpio.a(gpio_stm32.c.obj)
 .rodata.gpio_stm32_cfg_g
                0x0000000008006ab8       0x14 zephyr/drivers/gpio/libdrivers__gpio.a(gpio_stm32.c.obj)
 .rodata.gpio_stm32_cfg_f
                0x0000000008006acc       0x14 zephyr/drivers/gpio/libdrivers__gpio.a(gpio_stm32.c.obj)
 .rodata.gpio_stm32_cfg_e
                0x0000000008006ae0       0x14 zephyr/drivers/gpio/libdrivers__gpio.a(gpio_stm32.c.obj)
 .rodata.gpio_stm32_cfg_d
                0x0000000008006af4       0x14 zephyr/drivers/gpio/libdrivers__gpio.a(gpio_stm32.c.obj)
 .rodata.gpio_stm32_cfg_c
                0x0000000008006b08       0x14 zephyr/drivers/gpio/libdrivers__gpio.a(gpio_stm32.c.obj)
 .rodata.gpio_stm32_cfg_b
                0x0000000008006b1c       0x14 zephyr/drivers/gpio/libdrivers__gpio.a(gpio_stm32.c.obj)
 .rodata.gpio_stm32_cfg_a
                0x0000000008006b30       0x14 zephyr/drivers/gpio/libdrivers__gpio.a(gpio_stm32.c.obj)
 .rodata.gpio_stm32_driver
                0x0000000008006b44       0x24 zephyr/drivers/gpio/libdrivers__gpio.a(gpio_stm32.c.obj)
 .rodata.i2c_stm32_cfg_0
                0x0000000008006b68       0x18 zephyr/drivers/i2c/libdrivers__i2c.a(i2c_ll_stm32.c.obj)
 .rodata.pclken_0
                0x0000000008006b80        0x8 zephyr/drivers/i2c/libdrivers__i2c.a(i2c_ll_stm32.c.obj)
 .rodata.__pinctrl_dev_config__device_dts_ord_74
                0x0000000008006b88        0x8 zephyr/drivers/i2c/libdrivers__i2c.a(i2c_ll_stm32.c.obj)
 .rodata.__pinctrl_states__device_dts_ord_74
                0x0000000008006b90        0x8 zephyr/drivers/i2c/libdrivers__i2c.a(i2c_ll_stm32.c.obj)
 .rodata.__pinctrl_state_pins_0__device_dts_ord_74
                0x0000000008006b98       0x10 zephyr/drivers/i2c/libdrivers__i2c.a(i2c_ll_stm32.c.obj)
 .rodata.api_funcs
                0x0000000008006ba8       0x18 zephyr/drivers/i2c/libdrivers__i2c.a(i2c_ll_stm32.c.obj)
 .rodata.gpio_ports
                0x0000000008006bc0       0x2c zephyr/drivers/pinctrl/libdrivers__pinctrl.a(pinctrl_stm32.c.obj)
 .rodata.reset_stm32_config
                0x0000000008006bec        0x4 zephyr/drivers/reset/libdrivers__reset.a(reset_stm32.c.obj)
 .rodata.reset_stm32_driver_api
                0x0000000008006bf0       0x10 zephyr/drivers/reset/libdrivers__reset.a(reset_stm32.c.obj)
 .rodata.hts221_config_0
                0x0000000008006c00       0x14 zephyr/drivers/sensor/hts221/libdrivers__sensor__hts221.a(hts221.c.obj)
 .rodata.hts221_driver_api
                0x0000000008006c14       0x14 zephyr/drivers/sensor/hts221/libdrivers__sensor__hts221.a(hts221.c.obj)
 .rodata.hts221_odrs
                0x0000000008006c28       0x18 zephyr/drivers/sensor/hts221/libdrivers__sensor__hts221.a(hts221.c.obj)
 .rodata.lis2dh_config_0
                0x0000000008006c40       0x10 zephyr/drivers/sensor/lis2dh/libdrivers__sensor__lis2dh.a(lis2dh.c.obj)
 .rodata.lis2dh_driver_api
                0x0000000008006c50       0x14 zephyr/drivers/sensor/lis2dh/libdrivers__sensor__lis2dh.a(lis2dh.c.obj)
 .rodata.lis2dh_i2c_transfer_fn
                0x0000000008006c64       0x14 zephyr/drivers/sensor/lis2dh/libdrivers__sensor__lis2dh.a(lis2dh_i2c.c.obj)
 .rodata.lis2mdl_config_0
                0x0000000008006c78       0x18 zephyr/drivers/sensor/lis2mdl/libdrivers__sensor__lis2mdl.a(lis2mdl.c.obj)
 .rodata.lis2mdl_driver_api
                0x0000000008006c90       0x14 zephyr/drivers/sensor/lis2mdl/libdrivers__sensor__lis2mdl.a(lis2mdl.c.obj)
 .rodata.lps22hb_config_0
                0x0000000008006ca4        0x8 zephyr/drivers/sensor/lps22hb/libdrivers__sensor__lps22hb.a(lps22hb.c.obj)
 .rodata.lps22hb_api_funcs
                0x0000000008006cac       0x14 zephyr/drivers/sensor/lps22hb/libdrivers__sensor__lps22hb.a(lps22hb.c.obj)
 .rodata.lsm6dsl_config_0
                0x0000000008006cc0       0x14 zephyr/drivers/sensor/lsm6dsl/libdrivers__sensor__lsm6dsl.a(lsm6dsl.c.obj)
 .rodata.lsm6dsl_driver_api
                0x0000000008006cd4       0x14 zephyr/drivers/sensor/lsm6dsl/libdrivers__sensor__lsm6dsl.a(lsm6dsl.c.obj)
 .rodata.lsm6dsl_i2c_transfer_fn
                0x0000000008006ce8       0x10 zephyr/drivers/sensor/lsm6dsl/libdrivers__sensor__lsm6dsl.a(lsm6dsl_i2c.c.obj)
 .rodata.uart_stm32_cfg_1
                0x0000000008006cf8       0x1c zephyr/drivers/serial/libdrivers__serial.a(uart_stm32.c.obj)
 .rodata.pclken_1
                0x0000000008006d14        0x8 zephyr/drivers/serial/libdrivers__serial.a(uart_stm32.c.obj)
 .rodata.__pinctrl_dev_config__device_dts_ord_43
                0x0000000008006d1c        0x8 zephyr/drivers/serial/libdrivers__serial.a(uart_stm32.c.obj)
 .rodata.__pinctrl_states__device_dts_ord_43
                0x0000000008006d24        0x8 zephyr/drivers/serial/libdrivers__serial.a(uart_stm32.c.obj)
 .rodata.__pinctrl_state_pins_0__device_dts_ord_43
                0x0000000008006d2c       0x10 zephyr/drivers/serial/libdrivers__serial.a(uart_stm32.c.obj)
 .rodata.uart_stm32_cfg_0
                0x0000000008006d3c       0x1c zephyr/drivers/serial/libdrivers__serial.a(uart_stm32.c.obj)
 .rodata.pclken_0
                0x0000000008006d58        0x8 zephyr/drivers/serial/libdrivers__serial.a(uart_stm32.c.obj)
 .rodata.__pinctrl_dev_config__device_dts_ord_46
                0x0000000008006d60        0x8 zephyr/drivers/serial/libdrivers__serial.a(uart_stm32.c.obj)
 .rodata.__pinctrl_states__device_dts_ord_46
                0x0000000008006d68        0x8 zephyr/drivers/serial/libdrivers__serial.a(uart_stm32.c.obj)
 .rodata.__pinctrl_state_pins_0__device_dts_ord_46
                0x0000000008006d70       0x10 zephyr/drivers/serial/libdrivers__serial.a(uart_stm32.c.obj)
 .rodata.uart_stm32_driver_api
                0x0000000008006d80       0x14 zephyr/drivers/serial/libdrivers__serial.a(uart_stm32.c.obj)
 .rodata._k_neg_eagain
                0x0000000008006d94        0x4 zephyr/kernel/libkernel.a(errno.c.obj)
                0x0000000008006d94                _k_neg_eagain
 .rodata.levels.0
                0x0000000008006d98       0x18 zephyr/kernel/libkernel.a(init.c.obj)
 .rodata.lis2dh_odr_map
                0x0000000008006db0       0x16 zephyr/drivers/sensor/lis2dh/libdrivers__sensor__lis2dh.a(lis2dh.c.obj)
 .rodata.lsm6dsl_gyro_fs_sens
                0x0000000008006dc6        0xa zephyr/drivers/sensor/lsm6dsl/libdrivers__sensor__lsm6dsl.a(lsm6dsl.c.obj)
 .rodata.lsm6dsl_accel_fs_sens
                0x0000000008006dd0        0x8 zephyr/drivers/sensor/lsm6dsl/libdrivers__sensor__lsm6dsl.a(lsm6dsl.c.obj)
 .rodata.lsm6dsl_odr_map
                0x0000000008006dd8       0x16 zephyr/drivers/sensor/lsm6dsl/libdrivers__sensor__lsm6dsl.a(lsm6dsl.c.obj)
 .rodata.CSWTCH.708
                0x0000000008006dee        0x6 zephyr/drivers/serial/libdrivers__serial.a(uart_stm32.c.obj)
 .rodata.main.str1.1
                0x0000000008006df4      0x294 app/libapp.a(main.c.obj)
 .rodata.str1.1
                0x0000000008007088       0x11 zephyr/libzephyr.a(cbprintf_packaged.c.obj)
 .rodata.z_cbvprintf_impl.str1.1
                0x0000000008007099        0x6 zephyr/libzephyr.a(cbprintf_complete.c.obj)
 .rodata.str1.1
                0x000000000800709f        0x4 zephyr/arch/arch/arm/core/aarch32/mpu/libarch__arm__core__aarch32__mpu.a(arm_core_mpu.c.obj)
 .rodata.str1.1
                0x00000000080070a3        0xf zephyr/soc/arm/common/cortex_m/libsoc__arm__common__cortex_m.a(arm_mpu_regions.c.obj)
 .rodata.line_range_6.0
                0x00000000080070b2        0x2 zephyr/drivers/interrupt_controller/libdrivers__interrupt_controller.a(intc_exti_stm32.c.obj)
 .rodata.line_range_5.1
                0x00000000080070b4        0x2 zephyr/drivers/interrupt_controller/libdrivers__interrupt_controller.a(intc_exti_stm32.c.obj)
 .rodata.line_range_4.2
                0x00000000080070b6        0x2 zephyr/drivers/interrupt_controller/libdrivers__interrupt_controller.a(intc_exti_stm32.c.obj)
 .rodata.line_range_3.3
                0x00000000080070b8        0x2 zephyr/drivers/interrupt_controller/libdrivers__interrupt_controller.a(intc_exti_stm32.c.obj)
 .rodata.line_range_2.4
                0x00000000080070ba        0x2 zephyr/drivers/interrupt_controller/libdrivers__interrupt_controller.a(intc_exti_stm32.c.obj)
 .rodata.line_range_1.5
                0x00000000080070bc        0x2 zephyr/drivers/interrupt_controller/libdrivers__interrupt_controller.a(intc_exti_stm32.c.obj)
 .rodata.line_range_0.6
                0x00000000080070be        0x2 zephyr/drivers/interrupt_controller/libdrivers__interrupt_controller.a(intc_exti_stm32.c.obj)
 .rodata.str1.1
                0x00000000080070c0       0x1e zephyr/drivers/interrupt_controller/libdrivers__interrupt_controller.a(intc_exti_stm32.c.obj)
 .rodata.str1.1
                0x00000000080070de        0xd zephyr/drivers/clock_control/libdrivers__clock_control.a(clock_stm32_ll_common.c.obj)
 .rodata.str1.1
                0x00000000080070eb       0x70 zephyr/drivers/gpio/libdrivers__gpio.a(gpio_stm32.c.obj)
 .rodata.str1.1
                0x000000000800715b        0x4 zephyr/drivers/i2c/libdrivers__i2c.a(i2c_common.c.obj)
 .rodata.str1.1
                0x000000000800715f       0x10 zephyr/drivers/i2c/libdrivers__i2c.a(i2c_ll_stm32_v1.c.obj)
 .rodata.str1.1
                0x000000000800716f       0x1a zephyr/drivers/i2c/libdrivers__i2c.a(i2c_ll_stm32.c.obj)
 .rodata.str1.1
                0x0000000008007189       0x11 zephyr/drivers/reset/libdrivers__reset.a(reset_stm32.c.obj)
 .rodata.hts221_init.str1.1
                0x000000000800719a        0x7 zephyr/drivers/sensor/hts221/libdrivers__sensor__hts221.a(hts221.c.obj)
                                          0x9 (size before relaxing)
 .rodata.str1.1
                0x00000000080071a1       0x11 zephyr/drivers/sensor/hts221/libdrivers__sensor__hts221.a(hts221.c.obj)
 .rodata.CSWTCH.1052
                0x00000000080071b2        0x4 zephyr/drivers/sensor/lis2dh/libdrivers__sensor__lis2dh.a(lis2dh.c.obj)
 .rodata.CSWTCH.1051
                0x00000000080071b6        0x4 zephyr/drivers/sensor/lis2dh/libdrivers__sensor__lis2dh.a(lis2dh.c.obj)
 .rodata.str1.1
                0x00000000080071ba       0x1a zephyr/drivers/sensor/lis2dh/libdrivers__sensor__lis2dh.a(lis2dh.c.obj)
 .rodata.str1.1
                0x00000000080071d4       0x1a zephyr/drivers/sensor/lis2mdl/libdrivers__sensor__lis2mdl.a(lis2mdl.c.obj)
 .rodata.str1.1
                0x00000000080071ee       0x19 zephyr/drivers/sensor/lps22hb/libdrivers__sensor__lps22hb.a(lps22hb.c.obj)
 .rodata.str1.1
                0x0000000008007207       0x13 zephyr/drivers/sensor/lsm6dsl/libdrivers__sensor__lsm6dsl.a(lsm6dsl.c.obj)
 .rodata.str1.1
                0x000000000800721a       0x2b zephyr/drivers/serial/libdrivers__serial.a(uart_stm32.c.obj)
 .rodata.AHBPrescTable
                0x0000000008007245       0x10 modules/stm32/stm32cube/lib..__modules__hal__stm32__stm32cube.a(system_stm32f4xx.c.obj)
                0x0000000008007245                AHBPrescTable
 .rodata.z_cstart.str1.1
                0x0000000008007255        0x5 zephyr/kernel/libkernel.a(init.c.obj)
 .rodata.str1.1
                0x000000000800725a        0x3 zephyr/kernel/libkernel.a(init.c.obj)
 .rodata.boot_banner.str1.1
                0x000000000800725d       0x42 zephyr/kernel/libkernel.a(banner.c.obj)
 *(SORT_BY_ALIGNMENT(.gnu.linkonce.r.*))
                0x00000000080072a0                . = ALIGN (0x4)
 *fill*         0x000000000800729f        0x1 
                0x00000000080072a0                __rodata_region_end = .
                0x00000000080072a0                . = ALIGN (_region_min_align)
                0x0000000008008000                . = ALIGN ((0x1 << LOG2CEIL ((__rodata_region_end - ADDR (rom_start)))))
                0x0000000008008000                __rom_region_end = ((__rom_region_start + .) - ADDR (rom_start))

/DISCARD/
 *(SORT_BY_ALIGNMENT(.got.plt))
 *(SORT_BY_ALIGNMENT(.igot.plt))
 *(SORT_BY_ALIGNMENT(.got))
 *(SORT_BY_ALIGNMENT(.igot))
                0x0000000020000000                . = 0x20000000
                0x0000000020000000                . = ALIGN (_region_min_align)
                0x0000000020000000                _image_ram_start = .

.ramfunc        0x0000000020000000        0x0 load address 0x00000000080072a0
                0x0000000020000000                . = ALIGN (_region_min_align)
                0x0000000020000000                . = ALIGN ((0x1 << LOG2CEIL (__ramfunc_size)))
                0x0000000020000000                __ramfunc_start = .
 *(SORT_BY_ALIGNMENT(.ramfunc))
 *(SORT_BY_ALIGNMENT(.ramfunc.*))
                0x0000000020000000                . = ALIGN (_region_min_align)
                0x0000000020000000                . = ALIGN ((0x1 << LOG2CEIL (__ramfunc_size)))
                0x0000000020000000                __ramfunc_end = .
                0x0000000000000000                __ramfunc_size = (__ramfunc_end - __ramfunc_start)
                0x00000000080072a0                __ramfunc_load_start = LOADADDR (.ramfunc)

datas           0x0000000020000000       0x70 load address 0x00000000080072a0
                0x0000000020000000                __data_region_start = .
                0x0000000020000000                __data_start = .
 *(SORT_BY_ALIGNMENT(.data))
 *(SORT_BY_ALIGNMENT(.data.*))
 .data._char_out
                0x0000000020000000        0x4 zephyr/libzephyr.a(printk.c.obj)
                0x0000000020000000                _char_out
 .data._stdout_hook
                0x0000000020000004        0x4 zephyr/lib/libc/minimal/liblib__libc__minimal.a(stdout_console.c.obj)
 .data.stm32_clock_control_api
                0x0000000020000008       0x1c zephyr/drivers/clock_control/libdrivers__clock_control.a(clock_stm32_ll_common.c.obj)
 .data.lis2dh_reg_val_to_scale
                0x0000000020000024       0x10 zephyr/drivers/sensor/lis2dh/libdrivers__sensor__lis2dh.a(lis2dh.c.obj)
 .data.uart_stm32_data_1
                0x0000000020000034       0x10 zephyr/drivers/serial/libdrivers__serial.a(uart_stm32.c.obj)
 .data.uart_stm32_data_0
                0x0000000020000044       0x10 zephyr/drivers/serial/libdrivers__serial.a(uart_stm32.c.obj)
 .data.SystemCoreClock
                0x0000000020000054        0x4 modules/stm32/stm32cube/lib..__modules__hal__stm32__stm32cube.a(system_stm32f4xx.c.obj)
                0x0000000020000054                SystemCoreClock
 .data.timeout_list
                0x0000000020000058        0x8 zephyr/kernel/libkernel.a(timeout.c.obj)
 .data.exti_irq_table
                0x0000000020000060       0x10 zephyr/drivers/interrupt_controller/libdrivers__interrupt_controller.a(intc_exti_stm32.c.obj)
 *(SORT_BY_ALIGNMENT(.kernel.*))
                0x0000000020000070                __data_end = .
                0x0000000000000070                __data_size = (__data_end - __data_start)
                0x00000000080072a0                __data_load_start = LOADADDR (datas)
                0x00000000080072a0                __data_region_load_start = LOADADDR (datas)

device_states   0x0000000020000070       0x26 load address 0x0000000008007310
                0x0000000020000070                __device_states_start = .
 *(SORT_BY_ALIGNMENT(.z_devstate))
 .z_devstate    0x0000000020000070        0x2 zephyr/drivers/interrupt_controller/libdrivers__interrupt_controller.a(intc_exti_stm32.c.obj)
 .z_devstate    0x0000000020000072        0x2 zephyr/drivers/clock_control/libdrivers__clock_control.a(clock_stm32_ll_common.c.obj)
 .z_devstate    0x0000000020000074       0x10 zephyr/drivers/gpio/libdrivers__gpio.a(gpio_stm32.c.obj)
 .z_devstate    0x0000000020000084        0x2 zephyr/drivers/i2c/libdrivers__i2c.a(i2c_ll_stm32.c.obj)
 .z_devstate    0x0000000020000086        0x2 zephyr/drivers/reset/libdrivers__reset.a(reset_stm32.c.obj)
 .z_devstate    0x0000000020000088        0x2 zephyr/drivers/sensor/hts221/libdrivers__sensor__hts221.a(hts221.c.obj)
 .z_devstate    0x000000002000008a        0x2 zephyr/drivers/sensor/lis2dh/libdrivers__sensor__lis2dh.a(lis2dh.c.obj)
 .z_devstate    0x000000002000008c        0x2 zephyr/drivers/sensor/lis2mdl/libdrivers__sensor__lis2mdl.a(lis2mdl.c.obj)
 .z_devstate    0x000000002000008e        0x2 zephyr/drivers/sensor/lps22hb/libdrivers__sensor__lps22hb.a(lps22hb.c.obj)
 .z_devstate    0x0000000020000090        0x2 zephyr/drivers/sensor/lsm6dsl/libdrivers__sensor__lsm6dsl.a(lsm6dsl.c.obj)
 .z_devstate    0x0000000020000092        0x4 zephyr/drivers/serial/libdrivers__serial.a(uart_stm32.c.obj)
 *(SORT_BY_ALIGNMENT(.z_devstate.*))
                0x0000000020000096                __device_states_end = .

initshell       0x0000000020000096        0x0 load address 0x0000000008007336
                0x0000000020000096                __shell_module_start = .
 *(SORT_BY_ALIGNMENT(.shell_module_*))
                0x0000000020000096                __shell_module_end = .
                0x0000000020000096                __shell_cmd_start = .
 *(SORT_BY_ALIGNMENT(.shell_cmd_*))
                0x0000000020000096                __shell_cmd_end = .

log_mpsc_pbuf_area
                0x0000000020000096        0x0 load address 0x0000000008007336
                0x0000000020000096                _log_mpsc_pbuf_list_start = .
 *(SORT_BY_NAME(SORT_BY_ALIGNMENT(._log_mpsc_pbuf.static.*)))
                0x0000000020000096                _log_mpsc_pbuf_list_end = .

log_msg_ptr_area
                0x0000000020000096        0x0 load address 0x0000000008007336
                0x0000000020000096                _log_msg_ptr_list_start = .
 *(SORT_BY_NAME(SORT_BY_ALIGNMENT(._log_msg_ptr.static.*)))
                0x0000000020000096                _log_msg_ptr_list_end = .

log_dynamic_sections
                0x0000000020000096        0x0 load address 0x0000000008007336
                0x0000000020000096                __log_dynamic_start = .
 *(SORT_BY_NAME(SORT_BY_ALIGNMENT(.log_dynamic_*)))
                0x0000000020000096                __log_dynamic_end = .

k_timer_area    0x0000000020000096        0x0 load address 0x0000000008007336
                0x0000000020000096                _k_timer_list_start = .
 *(SORT_BY_NAME(SORT_BY_ALIGNMENT(._k_timer.static.*)))
                0x0000000020000096                _k_timer_list_end = .

k_mem_slab_area
                0x0000000020000096        0x0 load address 0x0000000008007336
                0x0000000020000096                _k_mem_slab_list_start = .
 *(SORT_BY_NAME(SORT_BY_ALIGNMENT(._k_mem_slab.static.*)))
                0x0000000020000096                _k_mem_slab_list_end = .

k_heap_area     0x0000000020000096        0x0 load address 0x0000000008007336
                0x0000000020000096                _k_heap_list_start = .
 *(SORT_BY_NAME(SORT_BY_ALIGNMENT(._k_heap.static.*)))
                0x0000000020000096                _k_heap_list_end = .

k_mutex_area    0x0000000020000096        0x0 load address 0x0000000008007336
                0x0000000020000096                _k_mutex_list_start = .
 *(SORT_BY_NAME(SORT_BY_ALIGNMENT(._k_mutex.static.*)))
                0x0000000020000096                _k_mutex_list_end = .

k_stack_area    0x0000000020000096        0x0 load address 0x0000000008007336
                0x0000000020000096                _k_stack_list_start = .
 *(SORT_BY_NAME(SORT_BY_ALIGNMENT(._k_stack.static.*)))
                0x0000000020000096                _k_stack_list_end = .

k_msgq_area     0x0000000020000096        0x0 load address 0x0000000008007336
                0x0000000020000096                _k_msgq_list_start = .
 *(SORT_BY_NAME(SORT_BY_ALIGNMENT(._k_msgq.static.*)))
                0x0000000020000096                _k_msgq_list_end = .

k_mbox_area     0x0000000020000096        0x0 load address 0x0000000008007336
                0x0000000020000096                _k_mbox_list_start = .
 *(SORT_BY_NAME(SORT_BY_ALIGNMENT(._k_mbox.static.*)))
                0x0000000020000096                _k_mbox_list_end = .

k_pipe_area     0x0000000020000096        0x0 load address 0x0000000008007336
                0x0000000020000096                _k_pipe_list_start = .
 *(SORT_BY_NAME(SORT_BY_ALIGNMENT(._k_pipe.static.*)))
                0x0000000020000096                _k_pipe_list_end = .

k_sem_area      0x0000000020000096        0x0 load address 0x0000000008007336
                0x0000000020000096                _k_sem_list_start = .
 *(SORT_BY_NAME(SORT_BY_ALIGNMENT(._k_sem.static.*)))
                0x0000000020000096                _k_sem_list_end = .

k_event_area    0x0000000020000096        0x0 load address 0x0000000008007336
                0x0000000020000096                _k_event_list_start = .
 *(SORT_BY_NAME(SORT_BY_ALIGNMENT(._k_event.static.*)))
                0x0000000020000096                _k_event_list_end = .

k_queue_area    0x0000000020000096        0x0 load address 0x0000000008007336
                0x0000000020000096                _k_queue_list_start = .
 *(SORT_BY_NAME(SORT_BY_ALIGNMENT(._k_queue.static.*)))
                0x0000000020000096                _k_queue_list_end = .

k_condvar_area  0x0000000020000096        0x0 load address 0x0000000008007336
                0x0000000020000096                _k_condvar_list_start = .
 *(SORT_BY_NAME(SORT_BY_ALIGNMENT(._k_condvar.static.*)))
                0x0000000020000096                _k_condvar_list_end = .

_net_buf_pool_area
                0x0000000020000096        0x0 load address 0x0000000008007336
                0x0000000020000096                _net_buf_pool_list = .
 *(SORT_BY_NAME(SORT_BY_ALIGNMENT(._net_buf_pool.static.*)))
                0x0000000020000096                __data_region_end = .

bss             0x00000000200000c0      0x889
                0x00000000200000c0                . = ALIGN (0x4)
                0x00000000200000c0                __bss_start = .
                0x00000000200000c0                __kernel_ram_start = .
 *(SORT_BY_ALIGNMENT(.bss))
 *(SORT_BY_ALIGNMENT(.bss.*))
 .bss.lsm6dsl_data_0
                0x00000000200000c0      0x580 zephyr/drivers/sensor/lsm6dsl/libdrivers__sensor__lsm6dsl.a(lsm6dsl.c.obj)
 .bss.z_idle_threads
                0x0000000020000640       0x80 zephyr/kernel/libkernel.a(init.c.obj)
                0x0000000020000640                z_idle_threads
 .bss.z_main_thread
                0x00000000200006c0       0x80 zephyr/kernel/libkernel.a(init.c.obj)
                0x00000000200006c0                z_main_thread
 .bss.slice_timeouts